{"logTime": "1119/143331", "correlationVector":"dAt5qzmwNcgW7l+dDL/2PO","action":"Commit Request", "result":"", "context":Item count: 1
Contributing types: Device Info}
{"logTime": "1119/143332", "correlationVector":"dAt5qzmwNcgW7l+dDL/2PO.1","action":"SyncServerConnectionManagerRequest", "result":"SYNC_SERVER_OK", "context":{"environment":"Prod_eastus2_prod-s01-050-nam-eastus2", "migrationStage":"NotStarted", "server":"akswtt107000010"}}
{"logTime": "1119/143332", "correlationVector":"dAt5qzmwNcgW7l+dDL/2PO.2","action":"Commit Response", "result":"Success", "context":Result: Success. cV=dAt5qzmwNcgW7l+dDL/2PO.0;server=akswtt107000010;cloudType=Consumer;environment=Prod_eastus2_prod-s01-050-nam-eastus2;migrationStage=NotStarted}
{"logTime": "1119/143357", "correlationVector":"1VeowUVs+KHWD8wmD/2gzu","action":"Commit Request", "result":"", "context":Item count: 1
Contributing types: Device Info}
{"logTime": "1119/143357", "correlationVector":"1VeowUVs+KHWD8wmD/2gzu.1","action":"SyncServerConnectionManagerRequest", "result":"SYNC_SERVER_OK", "context":{"environment":"Prod_eastus2_prod-s01-050-nam-eastus2", "migrationStage":"NotStarted", "server":"akswtt10700001d"}}
{"logTime": "1119/143357", "correlationVector":"1VeowUVs+KHWD8wmD/2gzu.2","action":"Commit Response", "result":"Success", "context":Result: Success. cV=1VeowUVs+KHWD8wmD/2gzu.0;server=akswtt10700001d;cloudType=Consumer;environment=Prod_eastus2_prod-s01-050-nam-eastus2;migrationStage=NotStarted}
{"logTime": "1119/143402", "correlationVector":"OR1+NJoN4EPzGW906D5eGw","action":"Commit Request", "result":"", "context":Item count: 1
Contributing types: Preferences}
{"logTime": "1119/143402", "correlationVector":"OR1+NJoN4EPzGW906D5eGw.1","action":"SyncServerConnectionManagerRequest", "result":"SYNC_SERVER_OK", "context":{"environment":"Prod_eastus2_prod-s01-050-nam-eastus2", "migrationStage":"NotStarted", "server":"akswtt10700000x"}}
{"logTime": "1119/143402", "correlationVector":"OR1+NJoN4EPzGW906D5eGw.2","action":"Commit Response", "result":"Success", "context":Result: Success. cV=OR1+NJoN4EPzGW906D5eGw.0;server=akswtt10700000x;cloudType=Consumer;environment=Prod_eastus2_prod-s01-050-nam-eastus2;migrationStage=NotStarted}
{"logTime": "1119/143444", "correlationVector":"o+uk8EJ3mE9wU9G7LUMzV9","action":"Commit Request", "result":"", "context":Item count: 5
Contributing types: Sessions, Device Info, History}
{"logTime": "1119/143445", "correlationVector":"o+uk8EJ3mE9wU9G7LUMzV9.1","action":"SyncServerConnectionManagerRequest", "result":"SYNC_SERVER_OK", "context":{"environment":"Prod_eastus2_prod-s01-050-nam-eastus2", "migrationStage":"NotStarted", "server":"akswtt107000000"}}
{"logTime": "1119/143445", "correlationVector":"o+uk8EJ3mE9wU9G7LUMzV9.2","action":"Commit Response", "result":"Success", "context":Result: Success. cV=o+uk8EJ3mE9wU9G7LUMzV9.0;server=akswtt107000000;cloudType=Consumer;environment=Prod_eastus2_prod-s01-050-nam-eastus2;migrationStage=NotStarted}
{"logTime": "1119/143447", "correlationVector":"yUXwXg8xyR1b5XwFJLRizH","action":"Commit Request", "result":"", "context":Item count: 1
Contributing types: Preferences}
{"logTime": "1119/143447", "correlationVector":"yUXwXg8xyR1b5XwFJLRizH.1","action":"SyncServerConnectionManagerRequest", "result":"SYNC_SERVER_OK", "context":{"environment":"Prod_eastus2_prod-s01-050-nam-eastus2", "migrationStage":"NotStarted", "server":"akswtt10700000h"}}
{"logTime": "1119/143447", "correlationVector":"yUXwXg8xyR1b5XwFJLRizH.2","action":"Commit Response", "result":"Success", "context":Result: Success. cV=yUXwXg8xyR1b5XwFJLRizH.0;server=akswtt10700000h;cloudType=Consumer;environment=Prod_eastus2_prod-s01-050-nam-eastus2;migrationStage=NotStarted}
{"logTime": "1119/143614", "correlationVector":"HizDuRqxstj7WG1RV3n1Wf","action":"Commit Request", "result":"", "context":Item count: 11
Contributing types: Sessions, History}
{"logTime": "1119/143615", "correlationVector":"HizDuRqxstj7WG1RV3n1Wf.1","action":"SyncServerConnectionManagerRequest", "result":"SYNC_SERVER_OK", "context":{"environment":"Prod_eastus2_prod-s01-050-nam-eastus2", "migrationStage":"NotStarted", "server":"akswtt10700001j"}}
{"logTime": "1119/143615", "correlationVector":"HizDuRqxstj7WG1RV3n1Wf.2","action":"Commit Response", "result":"Success", "context":Result: Success. cV=HizDuRqxstj7WG1RV3n1Wf.0;server=akswtt10700001j;cloudType=Consumer;environment=Prod_eastus2_prod-s01-050-nam-eastus2;migrationStage=NotStarted}
{"logTime": "1119/143644", "correlationVector":"U13iz4sccM9XRXfG9XBtdP","action":"Commit Request", "result":"", "context":Item count: 2
Contributing types: Preferences, Device Info}
{"logTime": "1119/143644", "correlationVector":"U13iz4sccM9XRXfG9XBtdP.1","action":"SyncServerConnectionManagerRequest", "result":"SYNC_SERVER_OK", "context":{"environment":"Prod_eastus2_prod-s01-050-nam-eastus2", "migrationStage":"NotStarted", "server":"akswtt107000013"}}
{"logTime": "1119/143644", "correlationVector":"U13iz4sccM9XRXfG9XBtdP.2","action":"Commit Response", "result":"Success", "context":Result: Success. cV=U13iz4sccM9XRXfG9XBtdP.0;server=akswtt107000013;cloudType=Consumer;environment=Prod_eastus2_prod-s01-050-nam-eastus2;migrationStage=NotStarted}
{"logTime": "1119/143820", "correlationVector":"uQHEQ/bD+yfQ7sdLzIZ66X.1","action":"SyncServerConnectionManagerRequest", "result":"SYNC_SERVER_OK", "context":{"environment":"Prod_eastus2_prod-s01-050-nam-eastus2", "migrationStage":"NotStarted", "server":"akswtt107000015"}}
{"logTime": "1119/143820", "correlationVector":"uQHEQ/bD+yfQ7sdLzIZ66X.2","action":"ProcessGetUpdates", "result":"Done", "context":{"dataType":"Encryption Keys", "deleted":"0", "process_failed_to_decrypt":"0", "process_pending_decryption":"0", "process_success":"1", "total":"1"}}
{"logTime": "1119/143821", "correlationVector":"IfCSTlMjw/SGQG7xZEjEd6","action":"SyncServerConnectionManagerRequest", "result":"SYNC_SERVER_OK", "context":{"environment":"", "migrationStage":"", "server":""}}
{"logTime": "1119/143821", "correlationVector":"IfCSTlMjw/SGQG7xZEjEd6.0","action":"EncryptionKeysFetcher.DownloadKeys:", "result":"Success", "context":Key count: 5, Last key timestamp: 2025-06-29T20:42:50Z}
{"logTime": "1119/143821", "correlationVector":"IfCSTlMjw/SGQG7xZEjEd6.1","action":"EncryptionKeysManager::SetEncryptionKeys:", "result":"Success", "context":Key names[5]:[H/Pn8m58STdIlc3Cy7mXdBqtrCPgmRSCf25oLigpOHp2sV8nxXLR+c2FMz4mkBIvsy/e3oFlqc52oxRtHRWFfQ==][1TFBZ3SVlU/hQt2pEtjKb4KkyQnDRfpQDq3PT5sqQT7/DJ4J7Glcbqi/vJBjZe0FShGq8ODulM50xk+PAcXr5Q==][+Z0wXvybCS0wgAvOYjvu+voQpRbq+bqT0dEyngY3CgzZjCjNoWjYQL1LPN5I/kSOdurn3ajXZzH8/yhRVI84nQ==][8O86mGrFYCYqQ32NEbZCJqCRKDeqYBuoy0PRWECPkqNaDbObXLSUDhE8ocJSfcKCB93nuv0XEOLDCEx9YYSGOQ==][t9/s0D0V2koCDThsmDc8oos4+QgZbhmJbb1cfmt1FX4pIQSuiS8smyKqIe+jpoZiY8KEgfvKbcYn9pR+GUTWZw==]}
{"logTime": "1119/143821", "correlationVector":"IfCSTlMjw/SGQG7xZEjEd6.2","action":"EncryptionKeysManager::SetEncryptionKeysWithTimestamps:", "result":"Success", "context":Key timestamps[5]:[2023-07-29T23:01:24Z][2024-01-26T01:31:53Z][2024-12-17T01:24:07Z][2024-12-28T14:08:24Z][2025-06-29T20:42:50Z]}
{"logTime": "1119/143821", "correlationVector":"uQHEQ/bD+yfQ7sdLzIZ66X","action":"Initial GetUpdates", "result":"", "context":Reason: NEW_CLIENT. cV=uQHEQ/bD+yfQ7sdLzIZ66X}
{"logTime": "1119/143821", "correlationVector":"uQHEQ/bD+yfQ7sdLzIZ66X.3","action":"GetUpdates Response", "result":"Success", "context":Received 1 update(s). cV=uQHEQ/bD+yfQ7sdLzIZ66X.0;server=akswtt107000015;cloudType=Consumer;environment=Prod_eastus2_prod-s01-050-nam-eastus2;migrationStage=NotStarted}
{"logTime": "1119/143821", "correlationVector":"r03t52H5iRVW+lTlpquhu/","action":"Initial GetUpdates", "result":"", "context":Reason: NEWLY_SUPPORTED_DATATYPE. cV=r03t52H5iRVW+lTlpquhu/}
{"logTime": "1119/143821", "correlationVector":"r03t52H5iRVW+lTlpquhu/.1","action":"SyncServerConnectionManagerRequest", "result":"SYNC_SERVER_OK", "context":{"environment":"Prod_eastus2_prod-s01-050-nam-eastus2", "migrationStage":"NotStarted", "server":"akswtt10700000g"}}
{"logTime": "1119/143821", "correlationVector":"r03t52H5iRVW+lTlpquhu/.2","action":"ProcessGetUpdates", "result":"Done", "context":{"dataType":"Passwords", "deleted":"0", "process_failed_to_decrypt":"0", "process_pending_decryption":"0", "process_success":"4", "total":"4"}}
{"logTime": "1119/143821", "correlationVector":"r03t52H5iRVW+lTlpquhu/.3","action":"GetUpdates Response", "result":"Success", "context":Received 4 update(s). cV=r03t52H5iRVW+lTlpquhu/.0;server=akswtt10700000g;cloudType=Consumer;environment=Prod_eastus2_prod-s01-050-nam-eastus2;migrationStage=NotStarted}
{"logTime": "1119/143821", "correlationVector":"pzXgqKnpf8UYvdvjROoQag","action":"Normal GetUpdate request", "result":"", "context":cV=pzXgqKnpf8UYvdvjROoQag
Nudged types: Sessions, Device Info, History
Refresh requested types: Bookmarks, Preferences, Passwords, Autofill Profiles, Autofill, Extensions, Sessions, Extension settings, History Delete Directives, Device Info, User Consents, Send Tab To Self, Web Apps, History, Saved Tab Group, WebAuthn Credentials, Collection, Edge E Drop, Edge Hub App Usage, Edge Wallet, Encryption Keys}
{"logTime": "1119/143821", "correlationVector":"pzXgqKnpf8UYvdvjROoQag.1","action":"SyncServerConnectionManagerRequest", "result":"SYNC_SERVER_OK", "context":{"environment":"Prod_eastus2_prod-s01-050-nam-eastus2", "migrationStage":"NotStarted", "server":"akswtt107000000"}}
{"logTime": "1119/143821", "correlationVector":"pzXgqKnpf8UYvdvjROoQag.2","action":"ProcessGetUpdates", "result":"Done", "context":{"dataType":"Preferences", "deleted":"0", "process_failed_to_decrypt":"0", "process_pending_decryption":"0", "process_success":"1", "total":"1"}}
{"logTime": "1119/143821", "correlationVector":"pzXgqKnpf8UYvdvjROoQag.3","action":"ProcessGetUpdates", "result":"Done", "context":{"dataType":"Sessions", "deleted":"1", "process_failed_to_decrypt":"0", "process_pending_decryption":"0", "process_success":"3", "total":"3"}}
{"logTime": "1119/143821", "correlationVector":"pzXgqKnpf8UYvdvjROoQag.4","action":"ProcessGetUpdates", "result":"Done", "context":{"dataType":"Device Info", "deleted":"0", "process_failed_to_decrypt":"0", "process_pending_decryption":"0", "process_success":"1", "total":"1"}}
{"logTime": "1119/143821", "correlationVector":"pzXgqKnpf8UYvdvjROoQag.5","action":"ProcessGetUpdates", "result":"Done", "context":{"dataType":"History", "deleted":"0", "process_failed_to_decrypt":"0", "process_pending_decryption":"0", "process_success":"15", "total":"15"}}
{"logTime": "1119/143821", "correlationVector":"pzXgqKnpf8UYvdvjROoQag.6","action":"GetUpdates Response", "result":"Success", "context":Received 20 update(s). cV=pzXgqKnpf8UYvdvjROoQag.0;server=akswtt107000000;cloudType=Consumer;environment=Prod_eastus2_prod-s01-050-nam-eastus2;migrationStage=NotStarted}
{"logTime": "1119/143821", "correlationVector":"XBIGYVX3g2/pG/CM7pc31G","action":"Commit Request", "result":"", "context":Item count: 5
Contributing types: Sessions, Device Info, History}
{"logTime": "1119/143822", "correlationVector":"XBIGYVX3g2/pG/CM7pc31G.1","action":"SyncServerConnectionManagerRequest", "result":"SYNC_SERVER_OK", "context":{"environment":"Prod_eastus2_prod-s01-050-nam-eastus2", "migrationStage":"NotStarted", "server":"akswtt107000006"}}
{"logTime": "1119/143822", "correlationVector":"XBIGYVX3g2/pG/CM7pc31G.3","action":"Commit.Sessions", "result":"Success", "context":{"id":"fb214df9-f180-40ee-a8a4-d2621569f010", "isDeleted":"true", "size":"0", "version":"1763562975311"}}
{"logTime": "1119/143822", "correlationVector":"XBIGYVX3g2/pG/CM7pc31G.2","action":"Commit Response", "result":"Success", "context":Result: Success. cV=XBIGYVX3g2/pG/CM7pc31G.0;server=akswtt107000006;cloudType=Consumer;environment=Prod_eastus2_prod-s01-050-nam-eastus2;migrationStage=NotStarted}
{"logTime": "1119/143830", "correlationVector":"BHQjbCObSMhC1fawTOb94C","action":"Commit Request", "result":"", "context":Item count: 4
Contributing types: Sessions, Device Info, History}
{"logTime": "1119/143831", "correlationVector":"BHQjbCObSMhC1fawTOb94C.1","action":"SyncServerConnectionManagerRequest", "result":"SYNC_SERVER_OK", "context":{"environment":"Prod_eastus2_prod-s01-050-nam-eastus2", "migrationStage":"NotStarted", "server":"akswtt10700001d"}}
{"logTime": "1119/143831", "correlationVector":"BHQjbCObSMhC1fawTOb94C.2","action":"Commit Response", "result":"Success", "context":Result: Success. cV=BHQjbCObSMhC1fawTOb94C.0;server=akswtt10700001d;cloudType=Consumer;environment=Prod_eastus2_prod-s01-050-nam-eastus2;migrationStage=NotStarted}
{"logTime": "1119/143831", "correlationVector":"kfiSkvCFGG9Ok2Sq4tKw0K","action":"Commit Request", "result":"", "context":Item count: 2
Contributing types: Preferences, Device Info}
{"logTime": "1119/143832", "correlationVector":"kfiSkvCFGG9Ok2Sq4tKw0K.1","action":"SyncServerConnectionManagerRequest", "result":"SYNC_SERVER_OK", "context":{"environment":"Prod_eastus2_prod-s01-050-nam-eastus2", "migrationStage":"NotStarted", "server":"akswtt10700001d"}}
{"logTime": "1119/143832", "correlationVector":"kfiSkvCFGG9Ok2Sq4tKw0K.2","action":"Commit Response", "result":"Success", "context":Result: Success. cV=kfiSkvCFGG9Ok2Sq4tKw0K.0;server=akswtt10700001d;cloudType=Consumer;environment=Prod_eastus2_prod-s01-050-nam-eastus2;migrationStage=NotStarted}
{"logTime": "1119/143938", "correlationVector":"h+MJUmzphaCJDwmPTVUHnF","action":"Commit Request", "result":"", "context":Item count: 6
Contributing types: Sessions, History}
{"logTime": "1119/143938", "correlationVector":"h+MJUmzphaCJDwmPTVUHnF.1","action":"SyncServerConnectionManagerRequest", "result":"SYNC_SERVER_OK", "context":{"environment":"Prod_eastus2_prod-s01-050-nam-eastus2", "migrationStage":"NotStarted", "server":"akswtt10700000h"}}
{"logTime": "1119/143938", "correlationVector":"h+MJUmzphaCJDwmPTVUHnF.2","action":"Commit Response", "result":"Success", "context":Result: Success. cV=h+MJUmzphaCJDwmPTVUHnF.0;server=akswtt10700000h;cloudType=Consumer;environment=Prod_eastus2_prod-s01-050-nam-eastus2;migrationStage=NotStarted}
{"logTime": "1119/144440", "correlationVector":"Xv9lwmfA+zoGjzkODPwZl9","action":"Commit Request", "result":"", "context":Item count: 3
Contributing types: Sessions, History}
{"logTime": "1119/144441", "correlationVector":"Xv9lwmfA+zoGjzkODPwZl9.1","action":"SyncServerConnectionManagerRequest", "result":"SYNC_SERVER_OK", "context":{"environment":"Prod_eastus2_prod-s01-050-nam-eastus2", "migrationStage":"NotStarted", "server":"akswtt107000006"}}
{"logTime": "1119/144441", "correlationVector":"Xv9lwmfA+zoGjzkODPwZl9.2","action":"Commit Response", "result":"Success", "context":Result: Success. cV=Xv9lwmfA+zoGjzkODPwZl9.0;server=akswtt107000006;cloudType=Consumer;environment=Prod_eastus2_prod-s01-050-nam-eastus2;migrationStage=NotStarted}
{"logTime": "1119/152111", "correlationVector":"85qk9/jWMiS3JSmN38UUGM.1","action":"SyncServerConnectionManagerRequest", "result":"SYNC_SERVER_OK", "context":{"environment":"Prod_eastus2_prod-s01-050-nam-eastus2", "migrationStage":"NotStarted", "server":"akswtt10700000a"}}
{"logTime": "1119/152111", "correlationVector":"85qk9/jWMiS3JSmN38UUGM.2","action":"ProcessGetUpdates", "result":"Done", "context":{"dataType":"Encryption Keys", "deleted":"0", "process_failed_to_decrypt":"0", "process_pending_decryption":"0", "process_success":"1", "total":"1"}}
{"logTime": "1119/152111", "correlationVector":"DKYjJy0uTAEHCkOcLEjKAH","action":"SyncServerConnectionManagerRequest", "result":"SYNC_SERVER_OK", "context":{"environment":"", "migrationStage":"", "server":""}}
{"logTime": "1119/152111", "correlationVector":"DKYjJy0uTAEHCkOcLEjKAH.0","action":"EncryptionKeysFetcher.DownloadKeys:", "result":"Success", "context":Key count: 5, Last key timestamp: 2025-06-29T20:42:50Z}
{"logTime": "1119/152112", "correlationVector":"DKYjJy0uTAEHCkOcLEjKAH.1","action":"EncryptionKeysManager::SetEncryptionKeys:", "result":"Success", "context":Key names[5]:[H/Pn8m58STdIlc3Cy7mXdBqtrCPgmRSCf25oLigpOHp2sV8nxXLR+c2FMz4mkBIvsy/e3oFlqc52oxRtHRWFfQ==][1TFBZ3SVlU/hQt2pEtjKb4KkyQnDRfpQDq3PT5sqQT7/DJ4J7Glcbqi/vJBjZe0FShGq8ODulM50xk+PAcXr5Q==][+Z0wXvybCS0wgAvOYjvu+voQpRbq+bqT0dEyngY3CgzZjCjNoWjYQL1LPN5I/kSOdurn3ajXZzH8/yhRVI84nQ==][8O86mGrFYCYqQ32NEbZCJqCRKDeqYBuoy0PRWECPkqNaDbObXLSUDhE8ocJSfcKCB93nuv0XEOLDCEx9YYSGOQ==][t9/s0D0V2koCDThsmDc8oos4+QgZbhmJbb1cfmt1FX4pIQSuiS8smyKqIe+jpoZiY8KEgfvKbcYn9pR+GUTWZw==]}
{"logTime": "1119/152112", "correlationVector":"DKYjJy0uTAEHCkOcLEjKAH.2","action":"EncryptionKeysManager::SetEncryptionKeysWithTimestamps:", "result":"Success", "context":Key timestamps[5]:[2023-07-29T23:01:24Z][2024-01-26T01:31:53Z][2024-12-17T01:24:07Z][2024-12-28T14:08:24Z][2025-06-29T20:42:50Z]}
{"logTime": "1119/152112", "correlationVector":"85qk9/jWMiS3JSmN38UUGM","action":"Initial GetUpdates", "result":"", "context":Reason: NEW_CLIENT. cV=85qk9/jWMiS3JSmN38UUGM}
{"logTime": "1119/152112", "correlationVector":"85qk9/jWMiS3JSmN38UUGM.3","action":"GetUpdates Response", "result":"Success", "context":Received 1 update(s). cV=85qk9/jWMiS3JSmN38UUGM.0;server=akswtt10700000a;cloudType=Consumer;environment=Prod_eastus2_prod-s01-050-nam-eastus2;migrationStage=NotStarted}
{"logTime": "1119/152112", "correlationVector":"C6mNX6p+j2khtGhQHZlQQi","action":"Initial GetUpdates", "result":"", "context":Reason: NEWLY_SUPPORTED_DATATYPE. cV=C6mNX6p+j2khtGhQHZlQQi}
{"logTime": "1119/152112", "correlationVector":"C6mNX6p+j2khtGhQHZlQQi.1","action":"SyncServerConnectionManagerRequest", "result":"SYNC_SERVER_OK", "context":{"environment":"Prod_eastus2_prod-s01-050-nam-eastus2", "migrationStage":"NotStarted", "server":"akswtt10700001e"}}
{"logTime": "1119/152112", "correlationVector":"C6mNX6p+j2khtGhQHZlQQi.2","action":"ProcessGetUpdates", "result":"Done", "context":{"dataType":"Passwords", "deleted":"0", "process_failed_to_decrypt":"0", "process_pending_decryption":"0", "process_success":"4", "total":"4"}}
{"logTime": "1119/152112", "correlationVector":"C6mNX6p+j2khtGhQHZlQQi.3","action":"GetUpdates Response", "result":"Success", "context":Received 4 update(s). cV=C6mNX6p+j2khtGhQHZlQQi.0;server=akswtt10700001e;cloudType=Consumer;environment=Prod_eastus2_prod-s01-050-nam-eastus2;migrationStage=NotStarted}
{"logTime": "1119/152112", "correlationVector":"2tQsQqXdNHfxSRaHZPanoN","action":"Normal GetUpdate request", "result":"", "context":cV=2tQsQqXdNHfxSRaHZPanoN
Nudged types: Sessions, Device Info, History
Refresh requested types: Bookmarks, Preferences, Passwords, Autofill Profiles, Autofill, Extensions, Sessions, Extension settings, History Delete Directives, Device Info, User Consents, Send Tab To Self, Web Apps, History, Saved Tab Group, WebAuthn Credentials, Collection, Edge E Drop, Edge Hub App Usage, Edge Wallet, Encryption Keys}
{"logTime": "1119/152112", "correlationVector":"2tQsQqXdNHfxSRaHZPanoN.1","action":"SyncServerConnectionManagerRequest", "result":"SYNC_SERVER_OK", "context":{"environment":"Prod_eastus2_prod-s01-050-nam-eastus2", "migrationStage":"NotStarted", "server":"akswtt107000004"}}
{"logTime": "1119/152112", "correlationVector":"2tQsQqXdNHfxSRaHZPanoN.2","action":"ProcessGetUpdates", "result":"Done", "context":{"dataType":"Preferences", "deleted":"0", "process_failed_to_decrypt":"0", "process_pending_decryption":"0", "process_success":"1", "total":"1"}}
{"logTime": "1119/152112", "correlationVector":"2tQsQqXdNHfxSRaHZPanoN.3","action":"ProcessGetUpdates", "result":"Done", "context":{"dataType":"Sessions", "deleted":"1", "process_failed_to_decrypt":"0", "process_pending_decryption":"0", "process_success":"3", "total":"3"}}
{"logTime": "1119/152112", "correlationVector":"2tQsQqXdNHfxSRaHZPanoN.4","action":"ProcessGetUpdates", "result":"Done", "context":{"dataType":"Device Info", "deleted":"0", "process_failed_to_decrypt":"0", "process_pending_decryption":"0", "process_success":"1", "total":"1"}}
{"logTime": "1119/152112", "correlationVector":"2tQsQqXdNHfxSRaHZPanoN.5","action":"ProcessGetUpdates", "result":"Done", "context":{"dataType":"History", "deleted":"0", "process_failed_to_decrypt":"0", "process_pending_decryption":"0", "process_success":"21", "total":"21"}}
{"logTime": "1119/152112", "correlationVector":"2tQsQqXdNHfxSRaHZPanoN.6","action":"GetUpdates Response", "result":"Success", "context":Received 26 update(s). cV=2tQsQqXdNHfxSRaHZPanoN.0;server=akswtt107000004;cloudType=Consumer;environment=Prod_eastus2_prod-s01-050-nam-eastus2;migrationStage=NotStarted}
{"logTime": "1119/152112", "correlationVector":"lC5QHdqiqMa0M5aObEpYDc","action":"Commit Request", "result":"", "context":Item count: 1
Contributing types: History}
{"logTime": "1119/152113", "correlationVector":"lC5QHdqiqMa0M5aObEpYDc.1","action":"SyncServerConnectionManagerRequest", "result":"SYNC_SERVER_OK", "context":{"environment":"Prod_eastus2_prod-s01-050-nam-eastus2", "migrationStage":"NotStarted", "server":"akswtt107000017"}}
{"logTime": "1119/152113", "correlationVector":"lC5QHdqiqMa0M5aObEpYDc.2","action":"Commit Response", "result":"Success", "context":Result: Success. cV=lC5QHdqiqMa0M5aObEpYDc.0;server=akswtt107000017;cloudType=Consumer;environment=Prod_eastus2_prod-s01-050-nam-eastus2;migrationStage=NotStarted}
{"logTime": "1119/152209", "correlationVector":"B8LMnSD2FlwS7z1UQeAE1t","action":"Commit Request", "result":"", "context":Item count: 6
Contributing types: Sessions, Device Info, History}
{"logTime": "1119/152210", "correlationVector":"B8LMnSD2FlwS7z1UQeAE1t.1","action":"SyncServerConnectionManagerRequest", "result":"SYNC_SERVER_OK", "context":{"environment":"Prod_eastus2_prod-s01-050-nam-eastus2", "migrationStage":"NotStarted", "server":"akswtt10700000n"}}
{"logTime": "1119/152210", "correlationVector":"B8LMnSD2FlwS7z1UQeAE1t.2","action":"Commit Response", "result":"Success", "context":Result: Success. cV=B8LMnSD2FlwS7z1UQeAE1t.0;server=akswtt10700000n;cloudType=Consumer;environment=Prod_eastus2_prod-s01-050-nam-eastus2;migrationStage=NotStarted}
{"logTime": "1119/152211", "correlationVector":"XZUfaTxwpbjvPxvtUgGI29","action":"Commit Request", "result":"", "context":Item count: 2
Contributing types: Preferences, Device Info}
{"logTime": "1119/152211", "correlationVector":"XZUfaTxwpbjvPxvtUgGI29.1","action":"SyncServerConnectionManagerRequest", "result":"SYNC_SERVER_OK", "context":{"environment":"Prod_eastus2_prod-s01-050-nam-eastus2", "migrationStage":"NotStarted", "server":"akswtt107000008"}}
{"logTime": "1119/152211", "correlationVector":"XZUfaTxwpbjvPxvtUgGI29.2","action":"Commit Response", "result":"Success", "context":Result: Success. cV=XZUfaTxwpbjvPxvtUgGI29.0;server=akswtt107000008;cloudType=Consumer;environment=Prod_eastus2_prod-s01-050-nam-eastus2;migrationStage=NotStarted}
{"logTime": "1119/152403", "correlationVector":"0A4ersiomDXMqmvZwlfOVv","action":"Commit Request", "result":"", "context":Item count: 4
Contributing types: Sessions, Device Info, History}
{"logTime": "1119/152404", "correlationVector":"0A4ersiomDXMqmvZwlfOVv.1","action":"SyncServerConnectionManagerRequest", "result":"SYNC_SERVER_OK", "context":{"environment":"Prod_eastus2_prod-s01-050-nam-eastus2", "migrationStage":"NotStarted", "server":"akswtt10700001b"}}
{"logTime": "1119/152404", "correlationVector":"0A4ersiomDXMqmvZwlfOVv.2","action":"Commit Response", "result":"Success", "context":Result: Success. cV=0A4ersiomDXMqmvZwlfOVv.0;server=akswtt10700001b;cloudType=Consumer;environment=Prod_eastus2_prod-s01-050-nam-eastus2;migrationStage=NotStarted}
{"logTime": "1119/152406", "correlationVector":"YrjoXN+KsDpAwC/0+srbtS","action":"Commit Request", "result":"", "context":Item count: 1
Contributing types: Preferences}
{"logTime": "1119/152407", "correlationVector":"YrjoXN+KsDpAwC/0+srbtS.1","action":"SyncServerConnectionManagerRequest", "result":"SYNC_SERVER_OK", "context":{"environment":"Prod_eastus2_prod-s01-050-nam-eastus2", "migrationStage":"NotStarted", "server":"akswtt10700001c"}}
{"logTime": "1119/152407", "correlationVector":"YrjoXN+KsDpAwC/0+srbtS.2","action":"Commit Response", "result":"Success", "context":Result: Success. cV=YrjoXN+KsDpAwC/0+srbtS.0;server=akswtt10700001c;cloudType=Consumer;environment=Prod_eastus2_prod-s01-050-nam-eastus2;migrationStage=NotStarted}
{"logTime": "1119/152426", "correlationVector":"Hi3YCP0VlctGrsfzqRgOdi","action":"Commit Request", "result":"", "context":Item count: 1
Contributing types: Device Info}
{"logTime": "1119/152426", "correlationVector":"Hi3YCP0VlctGrsfzqRgOdi.1","action":"SyncServerConnectionManagerRequest", "result":"SYNC_SERVER_OK", "context":{"environment":"Prod_eastus_prod-s01-056-nam-eastus", "migrationStage":"NotStarted", "server":"akswtt10700000r"}}
{"logTime": "1119/152426", "correlationVector":"Hi3YCP0VlctGrsfzqRgOdi.2","action":"Commit Response", "result":"Success", "context":Result: Success. cV=Hi3YCP0VlctGrsfzqRgOdi.0;server=akswtt10700000r;cloudType=Consumer;environment=Prod_eastus_prod-s01-056-nam-eastus;migrationStage=NotStarted}
{"logTime": "1119/152428", "correlationVector":"jk58Js8OYFgv3o6/fddK9U","action":"Commit Request", "result":"", "context":Item count: 1
Contributing types: Preferences}
{"logTime": "1119/152429", "correlationVector":"jk58Js8OYFgv3o6/fddK9U.1","action":"SyncServerConnectionManagerRequest", "result":"SYNC_SERVER_OK", "context":{"environment":"Prod_eastus2_prod-s01-050-nam-eastus2", "migrationStage":"NotStarted", "server":"akswtt107000014"}}
{"logTime": "1119/152429", "correlationVector":"jk58Js8OYFgv3o6/fddK9U.2","action":"Commit Response", "result":"Success", "context":Result: Success. cV=jk58Js8OYFgv3o6/fddK9U.0;server=akswtt107000014;cloudType=Consumer;environment=Prod_eastus2_prod-s01-050-nam-eastus2;migrationStage=NotStarted}
{"logTime": "1119/152851", "correlationVector":"Ju1Zk8UxA4rTwtGxJnxbAf.1","action":"SyncServerConnectionManagerRequest", "result":"SYNC_SERVER_OK", "context":{"environment":"Prod_eastus2_prod-s01-050-nam-eastus2", "migrationStage":"NotStarted", "server":"akswtt10700000u"}}
{"logTime": "1119/152851", "correlationVector":"Ju1Zk8UxA4rTwtGxJnxbAf.2","action":"ProcessGetUpdates", "result":"Done", "context":{"dataType":"Encryption Keys", "deleted":"0", "process_failed_to_decrypt":"0", "process_pending_decryption":"0", "process_success":"1", "total":"1"}}
{"logTime": "1119/152851", "correlationVector":"NcJhDhc2spc+CKJRvM2C4X","action":"SyncServerConnectionManagerRequest", "result":"SYNC_SERVER_OK", "context":{"environment":"", "migrationStage":"", "server":""}}
{"logTime": "1119/152851", "correlationVector":"NcJhDhc2spc+CKJRvM2C4X.0","action":"EncryptionKeysFetcher.DownloadKeys:", "result":"Success", "context":Key count: 5, Last key timestamp: 2025-06-29T20:42:50Z}
{"logTime": "1119/152851", "correlationVector":"NcJhDhc2spc+CKJRvM2C4X.1","action":"EncryptionKeysManager::SetEncryptionKeys:", "result":"Success", "context":Key names[5]:[H/Pn8m58STdIlc3Cy7mXdBqtrCPgmRSCf25oLigpOHp2sV8nxXLR+c2FMz4mkBIvsy/e3oFlqc52oxRtHRWFfQ==][1TFBZ3SVlU/hQt2pEtjKb4KkyQnDRfpQDq3PT5sqQT7/DJ4J7Glcbqi/vJBjZe0FShGq8ODulM50xk+PAcXr5Q==][+Z0wXvybCS0wgAvOYjvu+voQpRbq+bqT0dEyngY3CgzZjCjNoWjYQL1LPN5I/kSOdurn3ajXZzH8/yhRVI84nQ==][8O86mGrFYCYqQ32NEbZCJqCRKDeqYBuoy0PRWECPkqNaDbObXLSUDhE8ocJSfcKCB93nuv0XEOLDCEx9YYSGOQ==][t9/s0D0V2koCDThsmDc8oos4+QgZbhmJbb1cfmt1FX4pIQSuiS8smyKqIe+jpoZiY8KEgfvKbcYn9pR+GUTWZw==]}
{"logTime": "1119/152851", "correlationVector":"NcJhDhc2spc+CKJRvM2C4X.2","action":"EncryptionKeysManager::SetEncryptionKeysWithTimestamps:", "result":"Success", "context":Key timestamps[5]:[2023-07-29T23:01:24Z][2024-01-26T01:31:53Z][2024-12-17T01:24:07Z][2024-12-28T14:08:24Z][2025-06-29T20:42:50Z]}
{"logTime": "1119/152851", "correlationVector":"Ju1Zk8UxA4rTwtGxJnxbAf","action":"Initial GetUpdates", "result":"", "context":Reason: NEW_CLIENT. cV=Ju1Zk8UxA4rTwtGxJnxbAf}
{"logTime": "1119/152851", "correlationVector":"Ju1Zk8UxA4rTwtGxJnxbAf.3","action":"GetUpdates Response", "result":"Success", "context":Received 1 update(s). cV=Ju1Zk8UxA4rTwtGxJnxbAf.0;server=akswtt10700000u;cloudType=Consumer;environment=Prod_eastus2_prod-s01-050-nam-eastus2;migrationStage=NotStarted}
{"logTime": "1119/152851", "correlationVector":"78fUCfBr6cocXeIU0Yb9nb","action":"Initial GetUpdates", "result":"", "context":Reason: NEWLY_SUPPORTED_DATATYPE. cV=78fUCfBr6cocXeIU0Yb9nb}
{"logTime": "1119/152852", "correlationVector":"78fUCfBr6cocXeIU0Yb9nb.1","action":"SyncServerConnectionManagerRequest", "result":"SYNC_SERVER_OK", "context":{"environment":"Prod_eastus2_prod-s01-050-nam-eastus2", "migrationStage":"NotStarted", "server":"akswtt10700000k"}}
{"logTime": "1119/152852", "correlationVector":"78fUCfBr6cocXeIU0Yb9nb.2","action":"ProcessGetUpdates", "result":"Done", "context":{"dataType":"Passwords", "deleted":"0", "process_failed_to_decrypt":"0", "process_pending_decryption":"0", "process_success":"4", "total":"4"}}
{"logTime": "1119/152852", "correlationVector":"78fUCfBr6cocXeIU0Yb9nb.3","action":"GetUpdates Response", "result":"Success", "context":Received 4 update(s). cV=78fUCfBr6cocXeIU0Yb9nb.0;server=akswtt10700000k;cloudType=Consumer;environment=Prod_eastus2_prod-s01-050-nam-eastus2;migrationStage=NotStarted}
{"logTime": "1119/152852", "correlationVector":"IZmjvK3QdA9uKHnf8r/RjD","action":"Normal GetUpdate request", "result":"", "context":cV=IZmjvK3QdA9uKHnf8r/RjD
Nudged types: Sessions, Device Info, History
Refresh requested types: Bookmarks, Preferences, Passwords, Autofill Profiles, Autofill, Extensions, Sessions, Extension settings, History Delete Directives, Device Info, User Consents, Send Tab To Self, Web Apps, History, Saved Tab Group, WebAuthn Credentials, Collection, Edge E Drop, Edge Hub App Usage, Edge Wallet, Encryption Keys}
{"logTime": "1119/152852", "correlationVector":"IZmjvK3QdA9uKHnf8r/RjD.1","action":"SyncServerConnectionManagerRequest", "result":"SYNC_SERVER_OK", "context":{"environment":"Prod_eastus2_prod-s01-050-nam-eastus2", "migrationStage":"NotStarted", "server":"akswtt107000019"}}
{"logTime": "1119/152852", "correlationVector":"IZmjvK3QdA9uKHnf8r/RjD.2","action":"ProcessGetUpdates", "result":"Done", "context":{"dataType":"Preferences", "deleted":"0", "process_failed_to_decrypt":"0", "process_pending_decryption":"0", "process_success":"1", "total":"1"}}
{"logTime": "1119/152852", "correlationVector":"IZmjvK3QdA9uKHnf8r/RjD.3","action":"ProcessGetUpdates", "result":"Done", "context":{"dataType":"Sessions", "deleted":"0", "process_failed_to_decrypt":"0", "process_pending_decryption":"0", "process_success":"2", "total":"2"}}
{"logTime": "1119/152852", "correlationVector":"IZmjvK3QdA9uKHnf8r/RjD.4","action":"ProcessGetUpdates", "result":"Done", "context":{"dataType":"Device Info", "deleted":"0", "process_failed_to_decrypt":"0", "process_pending_decryption":"0", "process_success":"1", "total":"1"}}
{"logTime": "1119/152852", "correlationVector":"IZmjvK3QdA9uKHnf8r/RjD.5","action":"ProcessGetUpdates", "result":"Done", "context":{"dataType":"History", "deleted":"0", "process_failed_to_decrypt":"0", "process_pending_decryption":"0", "process_success":"5", "total":"5"}}
{"logTime": "1119/152852", "correlationVector":"IZmjvK3QdA9uKHnf8r/RjD.6","action":"GetUpdates Response", "result":"Success", "context":Received 9 update(s). cV=IZmjvK3QdA9uKHnf8r/RjD.0;server=akswtt107000019;cloudType=Consumer;environment=Prod_eastus2_prod-s01-050-nam-eastus2;migrationStage=NotStarted}
{"logTime": "1119/152852", "correlationVector":"JrdowdiJunT/pexM2r9nYy","action":"Commit Request", "result":"", "context":Item count: 4
Contributing types: Sessions, Device Info, History}
{"logTime": "1119/152853", "correlationVector":"JrdowdiJunT/pexM2r9nYy.1","action":"SyncServerConnectionManagerRequest", "result":"SYNC_SERVER_OK", "context":{"environment":"Prod_eastus2_prod-s01-050-nam-eastus2", "migrationStage":"NotStarted", "server":"akswtt10700001l"}}
{"logTime": "1119/152853", "correlationVector":"JrdowdiJunT/pexM2r9nYy.2","action":"Commit Response", "result":"Success", "context":Result: Success. cV=JrdowdiJunT/pexM2r9nYy.0;server=akswtt10700001l;cloudType=Consumer;environment=Prod_eastus2_prod-s01-050-nam-eastus2;migrationStage=NotStarted}
{"logTime": "1119/152947", "correlationVector":"nt90XzV3QjNl0r9G5i62Wr","action":"Commit Request", "result":"", "context":Item count: 4
Contributing types: Sessions, Device Info, History}
{"logTime": "1119/152948", "correlationVector":"nt90XzV3QjNl0r9G5i62Wr.1","action":"SyncServerConnectionManagerRequest", "result":"SYNC_SERVER_OK", "context":{"environment":"Prod_eastus2_prod-s01-050-nam-eastus2", "migrationStage":"NotStarted", "server":"akswtt107000006"}}
{"logTime": "1119/152948", "correlationVector":"nt90XzV3QjNl0r9G5i62Wr.2","action":"Commit Response", "result":"Success", "context":Result: Success. cV=nt90XzV3QjNl0r9G5i62Wr.0;server=akswtt107000006;cloudType=Consumer;environment=Prod_eastus2_prod-s01-050-nam-eastus2;migrationStage=NotStarted}
{"logTime": "1119/153015", "correlationVector":"UkeuxL1DZYHIDkz6ZcM7/K","action":"Commit Request", "result":"", "context":Item count: 1
Contributing types: Device Info}
{"logTime": "1119/153016", "correlationVector":"UkeuxL1DZYHIDkz6ZcM7/K.1","action":"SyncServerConnectionManagerRequest", "result":"SYNC_SERVER_OK", "context":{"environment":"Prod_eastus2_prod-s01-050-nam-eastus2", "migrationStage":"NotStarted", "server":"akswtt10700000k"}}
{"logTime": "1119/153016", "correlationVector":"UkeuxL1DZYHIDkz6ZcM7/K.2","action":"Commit Response", "result":"Success", "context":Result: Success. cV=UkeuxL1DZYHIDkz6ZcM7/K.0;server=akswtt10700000k;cloudType=Consumer;environment=Prod_eastus2_prod-s01-050-nam-eastus2;migrationStage=NotStarted}
{"logTime": "1119/153018", "correlationVector":"ucDRILeNgh/Rq5cq0zDoIv","action":"Commit Request", "result":"", "context":Item count: 1
Contributing types: Preferences}
{"logTime": "1119/153018", "correlationVector":"ucDRILeNgh/Rq5cq0zDoIv.1","action":"SyncServerConnectionManagerRequest", "result":"SYNC_SERVER_OK", "context":{"environment":"Prod_eastus2_prod-s01-050-nam-eastus2", "migrationStage":"NotStarted", "server":"akswtt10700000q"}}
{"logTime": "1119/153018", "correlationVector":"ucDRILeNgh/Rq5cq0zDoIv.2","action":"Commit Response", "result":"Success", "context":Result: Success. cV=ucDRILeNgh/Rq5cq0zDoIv.0;server=akswtt10700000q;cloudType=Consumer;environment=Prod_eastus2_prod-s01-050-nam-eastus2;migrationStage=NotStarted}
{"logTime": "1119/153258", "correlationVector":"KW84FWhTOgkUWqEW0IIrk1.1","action":"SyncServerConnectionManagerRequest", "result":"SYNC_SERVER_OK", "context":{"environment":"Prod_eastus2_prod-s01-050-nam-eastus2", "migrationStage":"NotStarted", "server":"akswtt10700001f"}}
{"logTime": "1119/153258", "correlationVector":"KW84FWhTOgkUWqEW0IIrk1.2","action":"ProcessGetUpdates", "result":"Done", "context":{"dataType":"Encryption Keys", "deleted":"0", "process_failed_to_decrypt":"0", "process_pending_decryption":"0", "process_success":"1", "total":"1"}}
{"logTime": "1119/153258", "correlationVector":"knZ5BdW/vwYA+rEDkJrIad","action":"SyncServerConnectionManagerRequest", "result":"SYNC_SERVER_OK", "context":{"environment":"", "migrationStage":"", "server":""}}
{"logTime": "1119/153258", "correlationVector":"knZ5BdW/vwYA+rEDkJrIad.0","action":"EncryptionKeysFetcher.DownloadKeys:", "result":"Success", "context":Key count: 5, Last key timestamp: 2025-06-29T20:42:50Z}
{"logTime": "1119/153258", "correlationVector":"knZ5BdW/vwYA+rEDkJrIad.1","action":"EncryptionKeysManager::SetEncryptionKeys:", "result":"Success", "context":Key names[5]:[H/Pn8m58STdIlc3Cy7mXdBqtrCPgmRSCf25oLigpOHp2sV8nxXLR+c2FMz4mkBIvsy/e3oFlqc52oxRtHRWFfQ==][1TFBZ3SVlU/hQt2pEtjKb4KkyQnDRfpQDq3PT5sqQT7/DJ4J7Glcbqi/vJBjZe0FShGq8ODulM50xk+PAcXr5Q==][+Z0wXvybCS0wgAvOYjvu+voQpRbq+bqT0dEyngY3CgzZjCjNoWjYQL1LPN5I/kSOdurn3ajXZzH8/yhRVI84nQ==][8O86mGrFYCYqQ32NEbZCJqCRKDeqYBuoy0PRWECPkqNaDbObXLSUDhE8ocJSfcKCB93nuv0XEOLDCEx9YYSGOQ==][t9/s0D0V2koCDThsmDc8oos4+QgZbhmJbb1cfmt1FX4pIQSuiS8smyKqIe+jpoZiY8KEgfvKbcYn9pR+GUTWZw==]}
{"logTime": "1119/153258", "correlationVector":"knZ5BdW/vwYA+rEDkJrIad.2","action":"EncryptionKeysManager::SetEncryptionKeysWithTimestamps:", "result":"Success", "context":Key timestamps[5]:[2023-07-29T23:01:24Z][2024-01-26T01:31:53Z][2024-12-17T01:24:07Z][2024-12-28T14:08:24Z][2025-06-29T20:42:50Z]}
{"logTime": "1119/153258", "correlationVector":"KW84FWhTOgkUWqEW0IIrk1","action":"Initial GetUpdates", "result":"", "context":Reason: NEW_CLIENT. cV=KW84FWhTOgkUWqEW0IIrk1}
{"logTime": "1119/153258", "correlationVector":"KW84FWhTOgkUWqEW0IIrk1.3","action":"GetUpdates Response", "result":"Success", "context":Received 1 update(s). cV=KW84FWhTOgkUWqEW0IIrk1.0;server=akswtt10700001f;cloudType=Consumer;environment=Prod_eastus2_prod-s01-050-nam-eastus2;migrationStage=NotStarted}
{"logTime": "1119/153258", "correlationVector":"YVMOZHMeMOLmMnS9CkDkI6","action":"Initial GetUpdates", "result":"", "context":Reason: NEWLY_SUPPORTED_DATATYPE. cV=YVMOZHMeMOLmMnS9CkDkI6}
{"logTime": "1119/153259", "correlationVector":"YVMOZHMeMOLmMnS9CkDkI6.1","action":"SyncServerConnectionManagerRequest", "result":"SYNC_SERVER_OK", "context":{"environment":"Prod_eastus2_prod-s01-050-nam-eastus2", "migrationStage":"NotStarted", "server":"akswtt10700000s"}}
{"logTime": "1119/153259", "correlationVector":"YVMOZHMeMOLmMnS9CkDkI6.2","action":"ProcessGetUpdates", "result":"Done", "context":{"dataType":"Passwords", "deleted":"0", "process_failed_to_decrypt":"0", "process_pending_decryption":"0", "process_success":"4", "total":"4"}}
{"logTime": "1119/153259", "correlationVector":"YVMOZHMeMOLmMnS9CkDkI6.3","action":"GetUpdates Response", "result":"Success", "context":Received 4 update(s). cV=YVMOZHMeMOLmMnS9CkDkI6.0;server=akswtt10700000s;cloudType=Consumer;environment=Prod_eastus2_prod-s01-050-nam-eastus2;migrationStage=NotStarted}
{"logTime": "1119/153259", "correlationVector":"O0cbyHxz3kTl7UAl66jng/","action":"Normal GetUpdate request", "result":"", "context":cV=O0cbyHxz3kTl7UAl66jng/
Nudged types: Sessions, Device Info, History
Refresh requested types: Bookmarks, Preferences, Passwords, Autofill Profiles, Autofill, Extensions, Sessions, Extension settings, History Delete Directives, Device Info, User Consents, Send Tab To Self, Web Apps, History, Saved Tab Group, WebAuthn Credentials, Collection, Edge E Drop, Edge Hub App Usage, Edge Wallet, Encryption Keys}
{"logTime": "1119/153259", "correlationVector":"O0cbyHxz3kTl7UAl66jng/.1","action":"SyncServerConnectionManagerRequest", "result":"SYNC_SERVER_OK", "context":{"environment":"Prod_eastus2_prod-s01-050-nam-eastus2", "migrationStage":"NotStarted", "server":"akswtt10700000h"}}
{"logTime": "1119/153259", "correlationVector":"O0cbyHxz3kTl7UAl66jng/.2","action":"ProcessGetUpdates", "result":"Done", "context":{"dataType":"Preferences", "deleted":"0", "process_failed_to_decrypt":"0", "process_pending_decryption":"0", "process_success":"1", "total":"1"}}
{"logTime": "1119/153259", "correlationVector":"O0cbyHxz3kTl7UAl66jng/.3","action":"ProcessGetUpdates", "result":"Done", "context":{"dataType":"Sessions", "deleted":"0", "process_failed_to_decrypt":"0", "process_pending_decryption":"0", "process_success":"2", "total":"2"}}
{"logTime": "1119/153259", "correlationVector":"O0cbyHxz3kTl7UAl66jng/.4","action":"ProcessGetUpdates", "result":"Done", "context":{"dataType":"Device Info", "deleted":"0", "process_failed_to_decrypt":"0", "process_pending_decryption":"0", "process_success":"1", "total":"1"}}
{"logTime": "1119/153259", "correlationVector":"O0cbyHxz3kTl7UAl66jng/.5","action":"ProcessGetUpdates", "result":"Done", "context":{"dataType":"History", "deleted":"0", "process_failed_to_decrypt":"0", "process_pending_decryption":"0", "process_success":"3", "total":"3"}}
{"logTime": "1119/153259", "correlationVector":"O0cbyHxz3kTl7UAl66jng/.6","action":"GetUpdates Response", "result":"Success", "context":Received 7 update(s). cV=O0cbyHxz3kTl7UAl66jng/.0;server=akswtt10700000h;cloudType=Consumer;environment=Prod_eastus2_prod-s01-050-nam-eastus2;migrationStage=NotStarted}
{"logTime": "1119/153259", "correlationVector":"MGYjQfCUvfPqJ48igMlM02","action":"Commit Request", "result":"", "context":Item count: 5
Contributing types: Sessions, Device Info, History}
{"logTime": "1119/153259", "correlationVector":"MGYjQfCUvfPqJ48igMlM02.1","action":"SyncServerConnectionManagerRequest", "result":"SYNC_SERVER_OK", "context":{"environment":"Prod_eastus2_prod-s01-050-nam-eastus2", "migrationStage":"NotStarted", "server":"akswtt10700000c"}}
{"logTime": "1119/153259", "correlationVector":"MGYjQfCUvfPqJ48igMlM02.3","action":"Commit.Sessions", "result":"Success", "context":{"id":"72d911c0-e7b3-472b-9fff-450807651a9e", "isDeleted":"true", "size":"0", "version":"1763566188224"}}
{"logTime": "1119/153259", "correlationVector":"MGYjQfCUvfPqJ48igMlM02.2","action":"Commit Response", "result":"Success", "context":Result: Success. cV=MGYjQfCUvfPqJ48igMlM02.0;server=akswtt10700000c;cloudType=Consumer;environment=Prod_eastus2_prod-s01-050-nam-eastus2;migrationStage=NotStarted}
{"logTime": "1119/153334", "correlationVector":"pxmgUJWGsY7Wo6GlNx01r6","action":"Commit Request", "result":"", "context":Item count: 4
Contributing types: Sessions, Device Info, History}
{"logTime": "1119/153335", "correlationVector":"pxmgUJWGsY7Wo6GlNx01r6.1","action":"SyncServerConnectionManagerRequest", "result":"SYNC_SERVER_OK", "context":{"environment":"Prod_eastus2_prod-s01-050-nam-eastus2", "migrationStage":"NotStarted", "server":"akswtt107000005"}}
{"logTime": "1119/153335", "correlationVector":"pxmgUJWGsY7Wo6GlNx01r6.2","action":"Commit Response", "result":"Success", "context":Result: Success. cV=pxmgUJWGsY7Wo6GlNx01r6.0;server=akswtt107000005;cloudType=Consumer;environment=Prod_eastus2_prod-s01-050-nam-eastus2;migrationStage=NotStarted}
{"logTime": "1119/153347", "correlationVector":"aF7bxxGe9qwyrOW9dmyjyA","action":"Commit Request", "result":"", "context":Item count: 5
Contributing types: Sessions, Device Info, History}
{"logTime": "1119/153349", "correlationVector":"aF7bxxGe9qwyrOW9dmyjyA.1","action":"SyncServerConnectionManagerRequest", "result":"SYNC_SERVER_OK", "context":{"environment":"Prod_eastus2_prod-s01-050-nam-eastus2", "migrationStage":"NotStarted", "server":"akswtt10700000w"}}
{"logTime": "1119/153349", "correlationVector":"aF7bxxGe9qwyrOW9dmyjyA.2","action":"Commit Response", "result":"Success", "context":Result: Success. cV=aF7bxxGe9qwyrOW9dmyjyA.0;server=akswtt10700000w;cloudType=Consumer;environment=Prod_eastus2_prod-s01-050-nam-eastus2;migrationStage=NotStarted}
{"logTime": "1119/153351", "correlationVector":"QmXKrmiEupYgvquEfKhjOO","action":"Commit Request", "result":"", "context":Item count: 1
Contributing types: Preferences}
{"logTime": "1119/153351", "correlationVector":"QmXKrmiEupYgvquEfKhjOO.1","action":"SyncServerConnectionManagerRequest", "result":"SYNC_SERVER_OK", "context":{"environment":"Prod_eastus2_prod-s01-050-nam-eastus2", "migrationStage":"NotStarted", "server":"akswtt10700000r"}}
{"logTime": "1119/153351", "correlationVector":"QmXKrmiEupYgvquEfKhjOO.2","action":"Commit Response", "result":"Success", "context":Result: Success. cV=QmXKrmiEupYgvquEfKhjOO.0;server=akswtt10700000r;cloudType=Consumer;environment=Prod_eastus2_prod-s01-050-nam-eastus2;migrationStage=NotStarted}
{"logTime": "1119/153507", "correlationVector":"mCnHww1SU6b/mE3Csf1iSY","action":"Commit Request", "result":"", "context":Item count: 9
Contributing types: Sessions, History}
{"logTime": "1119/153508", "correlationVector":"mCnHww1SU6b/mE3Csf1iSY.1","action":"SyncServerConnectionManagerRequest", "result":"SYNC_SERVER_OK", "context":{"environment":"Prod_eastus2_prod-s01-050-nam-eastus2", "migrationStage":"NotStarted", "server":"akswtt10700000f"}}
{"logTime": "1119/153508", "correlationVector":"mCnHww1SU6b/mE3Csf1iSY.2","action":"Commit Response", "result":"Success", "context":Result: Success. cV=mCnHww1SU6b/mE3Csf1iSY.0;server=akswtt10700000f;cloudType=Consumer;environment=Prod_eastus2_prod-s01-050-nam-eastus2;migrationStage=NotStarted}
{"logTime": "1129/040211", "correlationVector":"/tudH0hK1sheGn/JDlWSBs.1","action":"SyncServerConnectionManagerRequest", "result":"SYNC_SERVER_OK", "context":{"environment":"Prod_eastus2_prod-s01-050-nam-eastus2", "migrationStage":"NotStarted", "server":"akswtt10800000n"}}
{"logTime": "1129/040211", "correlationVector":"/tudH0hK1sheGn/JDlWSBs.2","action":"ProcessGetUpdates", "result":"Done", "context":{"dataType":"Encryption Keys", "deleted":"0", "process_failed_to_decrypt":"0", "process_pending_decryption":"0", "process_success":"1", "total":"1"}}
{"logTime": "1129/040211", "correlationVector":"JsqdX9cxytIlTs1QL3+2D+","action":"SyncServerConnectionManagerRequest", "result":"SYNC_SERVER_OK", "context":{"environment":"", "migrationStage":"", "server":""}}
{"logTime": "1129/040211", "correlationVector":"JsqdX9cxytIlTs1QL3+2D+.0","action":"EncryptionKeysFetcher.DownloadKeys:", "result":"Success", "context":Key count: 6, Last key timestamp: 2025-11-29T01:43:22Z}
{"logTime": "1129/040211", "correlationVector":"JsqdX9cxytIlTs1QL3+2D+.1","action":"EncryptionKeysManager::SetEncryptionKeys:", "result":"Success", "context":Key names[6]:[H/Pn8m58STdIlc3Cy7mXdBqtrCPgmRSCf25oLigpOHp2sV8nxXLR+c2FMz4mkBIvsy/e3oFlqc52oxRtHRWFfQ==][1TFBZ3SVlU/hQt2pEtjKb4KkyQnDRfpQDq3PT5sqQT7/DJ4J7Glcbqi/vJBjZe0FShGq8ODulM50xk+PAcXr5Q==][+Z0wXvybCS0wgAvOYjvu+voQpRbq+bqT0dEyngY3CgzZjCjNoWjYQL1LPN5I/kSOdurn3ajXZzH8/yhRVI84nQ==][8O86mGrFYCYqQ32NEbZCJqCRKDeqYBuoy0PRWECPkqNaDbObXLSUDhE8ocJSfcKCB93nuv0XEOLDCEx9YYSGOQ==][t9/s0D0V2koCDThsmDc8oos4+QgZbhmJbb1cfmt1FX4pIQSuiS8smyKqIe+jpoZiY8KEgfvKbcYn9pR+GUTWZw==][EDh67CgnW+Lj2sIe4iyYB+XcMPag/AS7Kag8D5XIIeq48R0kTSHSsSl3MLlFul8G3Kg1JOlZaxWwgaezKZyRhA==]}
{"logTime": "1129/040211", "correlationVector":"JsqdX9cxytIlTs1QL3+2D+.2","action":"EncryptionKeysManager::SetEncryptionKeysWithTimestamps:", "result":"Success", "context":Key timestamps[6]:[2023-07-29T23:01:24Z][2024-01-26T01:31:53Z][2024-12-17T01:24:07Z][2024-12-28T14:08:24Z][2025-06-29T20:42:50Z][2025-11-29T01:43:22Z]}
{"logTime": "1129/040213", "correlationVector":"/tudH0hK1sheGn/JDlWSBs","action":"Initial GetUpdates", "result":"", "context":Reason: NEW_CLIENT. cV=/tudH0hK1sheGn/JDlWSBs}
{"logTime": "1129/040213", "correlationVector":"/tudH0hK1sheGn/JDlWSBs.3","action":"GetUpdates Response", "result":"Success", "context":Received 1 update(s). cV=/tudH0hK1sheGn/JDlWSBs.0;server=akswtt10800000n;cloudType=Consumer;environment=Prod_eastus2_prod-s01-050-nam-eastus2;migrationStage=NotStarted}
{"logTime": "1129/040213", "correlationVector":"s9+sgkNt9gVKxrPkFHDV0V","action":"Initial GetUpdates", "result":"", "context":Reason: NEWLY_SUPPORTED_DATATYPE. cV=s9+sgkNt9gVKxrPkFHDV0V}
{"logTime": "1129/040214", "correlationVector":"s9+sgkNt9gVKxrPkFHDV0V.1","action":"SyncServerConnectionManagerRequest", "result":"SYNC_SERVER_OK", "context":{"environment":"Prod_eastus2_prod-s01-050-nam-eastus2", "migrationStage":"NotStarted", "server":"akswtt108000007"}}
{"logTime": "1129/040214", "correlationVector":"s9+sgkNt9gVKxrPkFHDV0V.2","action":"ProcessGetUpdates", "result":"Done", "context":{"dataType":"Passwords", "deleted":"0", "process_failed_to_decrypt":"0", "process_pending_decryption":"0", "process_success":"4", "total":"4"}}
{"logTime": "1129/040214", "correlationVector":"s9+sgkNt9gVKxrPkFHDV0V.3","action":"GetUpdates Response", "result":"Success", "context":Received 4 update(s). cV=s9+sgkNt9gVKxrPkFHDV0V.0;server=akswtt108000007;cloudType=Consumer;environment=Prod_eastus2_prod-s01-050-nam-eastus2;migrationStage=NotStarted}
{"logTime": "1129/040214", "correlationVector":"Uz8dztWP8Va+oY+5heJ1h5","action":"Normal GetUpdate request", "result":"", "context":cV=Uz8dztWP8Va+oY+5heJ1h5
Nudged types: History
Refresh requested types: Bookmarks, Passwords, Autofill Profiles, Autofill, History, Edge Wallet, Encryption Keys}
{"logTime": "1129/040214", "correlationVector":"Uz8dztWP8Va+oY+5heJ1h5.1","action":"SyncServerConnectionManagerRequest", "result":"SYNC_SERVER_OK", "context":{"environment":"Prod_eastus2_prod-s01-050-nam-eastus2", "migrationStage":"NotStarted", "server":"akswtt10800000m"}}
{"logTime": "1129/040214", "correlationVector":"Uz8dztWP8Va+oY+5heJ1h5.2","action":"ProcessGetUpdates", "result":"Done", "context":{"dataType":"History", "deleted":"0", "process_failed_to_decrypt":"0", "process_pending_decryption":"0", "process_success":"12", "total":"12"}}
{"logTime": "1129/040214", "correlationVector":"Uz8dztWP8Va+oY+5heJ1h5.3","action":"GetUpdates Response", "result":"Success", "context":Received 12 update(s). cV=Uz8dztWP8Va+oY+5heJ1h5.0;server=akswtt10800000m;cloudType=Consumer;environment=Prod_eastus2_prod-s01-050-nam-eastus2;migrationStage=NotStarted}
{"logTime": "1129/040214", "correlationVector":"x0XU5O1ykQHV9e+N8VXm9+","action":"Commit Request", "result":"", "context":Item count: 1
Contributing types: History}
{"logTime": "1129/040214", "correlationVector":"x0XU5O1ykQHV9e+N8VXm9+.1","action":"SyncServerConnectionManagerRequest", "result":"SYNC_SERVER_OK", "context":{"environment":"Prod_eastus2_prod-s01-050-nam-eastus2", "migrationStage":"NotStarted", "server":"akswtt108000015"}}
{"logTime": "1129/040214", "correlationVector":"x0XU5O1ykQHV9e+N8VXm9+.2","action":"Commit Response", "result":"Success", "context":Result: Success. cV=x0XU5O1ykQHV9e+N8VXm9+.0;server=akswtt108000015;cloudType=Consumer;environment=Prod_eastus2_prod-s01-050-nam-eastus2;migrationStage=NotStarted}
{"logTime": "1129/040214", "correlationVector":"ma/1X+JjWNdGgHCNpQ844M","action":"Poll GetUpdate request", "result":"", "context":cV=ma/1X+JjWNdGgHCNpQ844M}
{"logTime": "1129/040214", "correlationVector":"ma/1X+JjWNdGgHCNpQ844M.1","action":"SyncServerConnectionManagerRequest", "result":"SYNC_SERVER_OK", "context":{"environment":"Prod_eastus2_prod-s01-050-nam-eastus2", "migrationStage":"NotStarted", "server":"akswtt10800000r"}}
{"logTime": "1129/040214", "correlationVector":"ma/1X+JjWNdGgHCNpQ844M.2","action":"ProcessGetUpdates", "result":"Done", "context":{"dataType":"History", "deleted":"0", "process_failed_to_decrypt":"0", "process_pending_decryption":"0", "process_success":"1", "total":"1"}}
{"logTime": "1129/040214", "correlationVector":"ma/1X+JjWNdGgHCNpQ844M.3","action":"GetUpdates Response", "result":"Success", "context":Received 1 update(s). cV=ma/1X+JjWNdGgHCNpQ844M.0;server=akswtt10800000r;cloudType=Consumer;environment=Prod_eastus2_prod-s01-050-nam-eastus2;migrationStage=NotStarted}
{"logTime": "1129/040314", "correlationVector":"5Cb12rTf9LkoPJ8a8kPkyE","action":"Commit Request", "result":"", "context":Item count: 6
Contributing types: History}
{"logTime": "1129/040316", "correlationVector":"5Cb12rTf9LkoPJ8a8kPkyE.1","action":"SyncServerConnectionManagerRequest", "result":"SYNC_SERVER_OK", "context":{"environment":"Prod_eastus2_prod-s01-050-nam-eastus2", "migrationStage":"NotStarted", "server":"akswtt10800000f"}}
{"logTime": "1129/040316", "correlationVector":"5Cb12rTf9LkoPJ8a8kPkyE.2","action":"Commit Response", "result":"Success", "context":Result: Success. cV=5Cb12rTf9LkoPJ8a8kPkyE.0;server=akswtt10800000f;cloudType=Consumer;environment=Prod_eastus2_prod-s01-050-nam-eastus2;migrationStage=NotStarted}
{"logTime": "1129/042331", "correlationVector":"YXB4+s4NdN+msb3Vhu6GIV","action":"Commit Request", "result":"", "context":Item count: 5
Contributing types: History}
{"logTime": "1129/042332", "correlationVector":"YXB4+s4NdN+msb3Vhu6GIV.1","action":"SyncServerConnectionManagerRequest", "result":"SYNC_SERVER_OK", "context":{"environment":"Prod_eastus2_prod-s01-050-nam-eastus2", "migrationStage":"NotStarted", "server":"akswtt10800000l"}}
{"logTime": "1129/042332", "correlationVector":"YXB4+s4NdN+msb3Vhu6GIV.2","action":"Commit Response", "result":"Success", "context":Result: Success. cV=YXB4+s4NdN+msb3Vhu6GIV.0;server=akswtt10800000l;cloudType=Consumer;environment=Prod_eastus2_prod-s01-050-nam-eastus2;migrationStage=NotStarted}
{"logTime": "1129/042546", "correlationVector":"31PXZrj3ARIp4Y9YXPv2oL","action":"Commit Request", "result":"", "context":Item count: 3
Contributing types: History}
{"logTime": "1129/042547", "correlationVector":"31PXZrj3ARIp4Y9YXPv2oL.1","action":"SyncServerConnectionManagerRequest", "result":"SYNC_SERVER_OK", "context":{"environment":"Prod_eastus2_prod-s01-050-nam-eastus2", "migrationStage":"NotStarted", "server":"akswtt10800000e"}}
{"logTime": "1129/042547", "correlationVector":"31PXZrj3ARIp4Y9YXPv2oL.2","action":"Commit Response", "result":"Success", "context":Result: Success. cV=31PXZrj3ARIp4Y9YXPv2oL.0;server=akswtt10800000e;cloudType=Consumer;environment=Prod_eastus2_prod-s01-050-nam-eastus2;migrationStage=NotStarted}
{"logTime": "1129/050352", "correlationVector":"wjuX5ilEMo71TNpru7cJ4g.1","action":"SyncServerConnectionManagerRequest", "result":"SYNC_SERVER_OK", "context":{"environment":"Prod_eastus2_prod-s01-050-nam-eastus2", "migrationStage":"NotStarted", "server":"akswtt10800000x"}}
{"logTime": "1129/050352", "correlationVector":"wjuX5ilEMo71TNpru7cJ4g.2","action":"ProcessGetUpdates", "result":"Done", "context":{"dataType":"Encryption Keys", "deleted":"0", "process_failed_to_decrypt":"0", "process_pending_decryption":"0", "process_success":"1", "total":"1"}}
{"logTime": "1129/050352", "correlationVector":"6oKLAhqgnhJV8RUKh4s6FI","action":"SyncServerConnectionManagerRequest", "result":"SYNC_SERVER_OK", "context":{"environment":"", "migrationStage":"", "server":""}}
{"logTime": "1129/050353", "correlationVector":"6oKLAhqgnhJV8RUKh4s6FI.0","action":"EncryptionKeysFetcher.DownloadKeys:", "result":"Success", "context":Key count: 6, Last key timestamp: 2025-11-29T01:43:22Z}
{"logTime": "1129/050353", "correlationVector":"6oKLAhqgnhJV8RUKh4s6FI.1","action":"EncryptionKeysManager::SetEncryptionKeys:", "result":"Success", "context":Key names[6]:[H/Pn8m58STdIlc3Cy7mXdBqtrCPgmRSCf25oLigpOHp2sV8nxXLR+c2FMz4mkBIvsy/e3oFlqc52oxRtHRWFfQ==][1TFBZ3SVlU/hQt2pEtjKb4KkyQnDRfpQDq3PT5sqQT7/DJ4J7Glcbqi/vJBjZe0FShGq8ODulM50xk+PAcXr5Q==][+Z0wXvybCS0wgAvOYjvu+voQpRbq+bqT0dEyngY3CgzZjCjNoWjYQL1LPN5I/kSOdurn3ajXZzH8/yhRVI84nQ==][8O86mGrFYCYqQ32NEbZCJqCRKDeqYBuoy0PRWECPkqNaDbObXLSUDhE8ocJSfcKCB93nuv0XEOLDCEx9YYSGOQ==][t9/s0D0V2koCDThsmDc8oos4+QgZbhmJbb1cfmt1FX4pIQSuiS8smyKqIe+jpoZiY8KEgfvKbcYn9pR+GUTWZw==][EDh67CgnW+Lj2sIe4iyYB+XcMPag/AS7Kag8D5XIIeq48R0kTSHSsSl3MLlFul8G3Kg1JOlZaxWwgaezKZyRhA==]}
{"logTime": "1129/050353", "correlationVector":"6oKLAhqgnhJV8RUKh4s6FI.2","action":"EncryptionKeysManager::SetEncryptionKeysWithTimestamps:", "result":"Success", "context":Key timestamps[6]:[2023-07-29T23:01:24Z][2024-01-26T01:31:53Z][2024-12-17T01:24:07Z][2024-12-28T14:08:24Z][2025-06-29T20:42:50Z][2025-11-29T01:43:22Z]}
{"logTime": "1129/050353", "correlationVector":"wjuX5ilEMo71TNpru7cJ4g","action":"Initial GetUpdates", "result":"", "context":Reason: NEW_CLIENT. cV=wjuX5ilEMo71TNpru7cJ4g}
{"logTime": "1129/050353", "correlationVector":"wjuX5ilEMo71TNpru7cJ4g.3","action":"GetUpdates Response", "result":"Success", "context":Received 1 update(s). cV=wjuX5ilEMo71TNpru7cJ4g.0;server=akswtt10800000x;cloudType=Consumer;environment=Prod_eastus2_prod-s01-050-nam-eastus2;migrationStage=NotStarted}
{"logTime": "1129/050353", "correlationVector":"eehiri4copA58D3eZ0TZ2O","action":"Initial GetUpdates", "result":"", "context":Reason: NEWLY_SUPPORTED_DATATYPE. cV=eehiri4copA58D3eZ0TZ2O}
{"logTime": "1129/050353", "correlationVector":"eehiri4copA58D3eZ0TZ2O.1","action":"SyncServerConnectionManagerRequest", "result":"SYNC_SERVER_OK", "context":{"environment":"Prod_eastus2_prod-s01-050-nam-eastus2", "migrationStage":"NotStarted", "server":"akswtt10800001b"}}
{"logTime": "1129/050353", "correlationVector":"eehiri4copA58D3eZ0TZ2O.2","action":"ProcessGetUpdates", "result":"Done", "context":{"dataType":"Passwords", "deleted":"0", "process_failed_to_decrypt":"0", "process_pending_decryption":"0", "process_success":"4", "total":"4"}}
{"logTime": "1129/050353", "correlationVector":"eehiri4copA58D3eZ0TZ2O.3","action":"GetUpdates Response", "result":"Success", "context":Received 4 update(s). cV=eehiri4copA58D3eZ0TZ2O.0;server=akswtt10800001b;cloudType=Consumer;environment=Prod_eastus2_prod-s01-050-nam-eastus2;migrationStage=NotStarted}
{"logTime": "1129/050353", "correlationVector":"Fa4dw4ZdH0UIAK6/qYbjxs","action":"Normal GetUpdate request", "result":"", "context":cV=Fa4dw4ZdH0UIAK6/qYbjxs
Nudged types: History
Refresh requested types: Bookmarks, Passwords, Autofill Profiles, Autofill, History, Edge Wallet, Encryption Keys}
{"logTime": "1129/050353", "correlationVector":"Fa4dw4ZdH0UIAK6/qYbjxs.1","action":"SyncServerConnectionManagerRequest", "result":"SYNC_SERVER_OK", "context":{"environment":"Prod_eastus2_prod-s01-050-nam-eastus2", "migrationStage":"NotStarted", "server":"akswtt108000005"}}
{"logTime": "1129/050353", "correlationVector":"Fa4dw4ZdH0UIAK6/qYbjxs.2","action":"ProcessGetUpdates", "result":"Done", "context":{"dataType":"History", "deleted":"0", "process_failed_to_decrypt":"0", "process_pending_decryption":"0", "process_success":"5", "total":"5"}}
{"logTime": "1129/050353", "correlationVector":"Fa4dw4ZdH0UIAK6/qYbjxs.3","action":"GetUpdates Response", "result":"Success", "context":Received 5 update(s). cV=Fa4dw4ZdH0UIAK6/qYbjxs.0;server=akswtt108000005;cloudType=Consumer;environment=Prod_eastus2_prod-s01-050-nam-eastus2;migrationStage=NotStarted}
{"logTime": "1129/050353", "correlationVector":"WXT0SqW2dXwzS2oOWTf1TA","action":"Commit Request", "result":"", "context":Item count: 2
Contributing types: History}
{"logTime": "1129/050354", "correlationVector":"WXT0SqW2dXwzS2oOWTf1TA.1","action":"SyncServerConnectionManagerRequest", "result":"SYNC_SERVER_OK", "context":{"environment":"Prod_eastus2_prod-s01-050-nam-eastus2", "migrationStage":"NotStarted", "server":"akswtt10800000a"}}
{"logTime": "1129/050354", "correlationVector":"WXT0SqW2dXwzS2oOWTf1TA.2","action":"Commit Response", "result":"Success", "context":Result: Success. cV=WXT0SqW2dXwzS2oOWTf1TA.0;server=akswtt10800000a;cloudType=Consumer;environment=Prod_eastus2_prod-s01-050-nam-eastus2;migrationStage=NotStarted}
{"logTime": "1129/050454", "correlationVector":"ZolOuGpiCACmZhZ9pwy6xG","action":"Commit Request", "result":"", "context":Item count: 3
Contributing types: History}
{"logTime": "1129/050454", "correlationVector":"ZolOuGpiCACmZhZ9pwy6xG.1","action":"SyncServerConnectionManagerRequest", "result":"SYNC_SERVER_OK", "context":{"environment":"Prod_eastus2_prod-s01-050-nam-eastus2", "migrationStage":"NotStarted", "server":"akswtt10800000s"}}
{"logTime": "1129/050454", "correlationVector":"ZolOuGpiCACmZhZ9pwy6xG.2","action":"Commit Response", "result":"Success", "context":Result: Success. cV=ZolOuGpiCACmZhZ9pwy6xG.0;server=akswtt10800000s;cloudType=Consumer;environment=Prod_eastus2_prod-s01-050-nam-eastus2;migrationStage=NotStarted}
{"logTime": "1129/051209", "correlationVector":"CwP489IRpBNyiKtLKJnmi4","action":"Commit Request", "result":"", "context":Item count: 2
Contributing types: History}
{"logTime": "1129/051210", "correlationVector":"CwP489IRpBNyiKtLKJnmi4.1","action":"SyncServerConnectionManagerRequest", "result":"SYNC_SERVER_OK", "context":{"environment":"Prod_eastus2_prod-s01-050-nam-eastus2", "migrationStage":"NotStarted", "server":"akswtt10800000z"}}
{"logTime": "1129/051210", "correlationVector":"CwP489IRpBNyiKtLKJnmi4.2","action":"Commit Response", "result":"Success", "context":Result: Success. cV=CwP489IRpBNyiKtLKJnmi4.0;server=akswtt10800000z;cloudType=Consumer;environment=Prod_eastus2_prod-s01-050-nam-eastus2;migrationStage=NotStarted}
{"logTime": "1129/053709", "correlationVector":"kNtsMaUzf8Yb2O7PrifDdx.1","action":"SyncServerConnectionManagerRequest", "result":"SYNC_SERVER_OK", "context":{"environment":"Prod_eastus2_prod-s01-050-nam-eastus2", "migrationStage":"NotStarted", "server":"akswtt10800000i"}}
{"logTime": "1129/053709", "correlationVector":"kNtsMaUzf8Yb2O7PrifDdx.2","action":"ProcessGetUpdates", "result":"Done", "context":{"dataType":"Encryption Keys", "deleted":"0", "process_failed_to_decrypt":"0", "process_pending_decryption":"0", "process_success":"1", "total":"1"}}
{"logTime": "1129/053710", "correlationVector":"plUpB7XBXElCMdJvNC9gRr","action":"SyncServerConnectionManagerRequest", "result":"SYNC_SERVER_OK", "context":{"environment":"", "migrationStage":"", "server":""}}
{"logTime": "1129/053710", "correlationVector":"plUpB7XBXElCMdJvNC9gRr.0","action":"EncryptionKeysFetcher.DownloadKeys:", "result":"Success", "context":Key count: 6, Last key timestamp: 2025-11-29T01:43:22Z}
{"logTime": "1129/053710", "correlationVector":"plUpB7XBXElCMdJvNC9gRr.1","action":"EncryptionKeysManager::SetEncryptionKeys:", "result":"Success", "context":Key names[6]:[H/Pn8m58STdIlc3Cy7mXdBqtrCPgmRSCf25oLigpOHp2sV8nxXLR+c2FMz4mkBIvsy/e3oFlqc52oxRtHRWFfQ==][1TFBZ3SVlU/hQt2pEtjKb4KkyQnDRfpQDq3PT5sqQT7/DJ4J7Glcbqi/vJBjZe0FShGq8ODulM50xk+PAcXr5Q==][+Z0wXvybCS0wgAvOYjvu+voQpRbq+bqT0dEyngY3CgzZjCjNoWjYQL1LPN5I/kSOdurn3ajXZzH8/yhRVI84nQ==][8O86mGrFYCYqQ32NEbZCJqCRKDeqYBuoy0PRWECPkqNaDbObXLSUDhE8ocJSfcKCB93nuv0XEOLDCEx9YYSGOQ==][t9/s0D0V2koCDThsmDc8oos4+QgZbhmJbb1cfmt1FX4pIQSuiS8smyKqIe+jpoZiY8KEgfvKbcYn9pR+GUTWZw==][EDh67CgnW+Lj2sIe4iyYB+XcMPag/AS7Kag8D5XIIeq48R0kTSHSsSl3MLlFul8G3Kg1JOlZaxWwgaezKZyRhA==]}
{"logTime": "1129/053710", "correlationVector":"plUpB7XBXElCMdJvNC9gRr.2","action":"EncryptionKeysManager::SetEncryptionKeysWithTimestamps:", "result":"Success", "context":Key timestamps[6]:[2023-07-29T23:01:24Z][2024-01-26T01:31:53Z][2024-12-17T01:24:07Z][2024-12-28T14:08:24Z][2025-06-29T20:42:50Z][2025-11-29T01:43:22Z]}
{"logTime": "1129/053710", "correlationVector":"kNtsMaUzf8Yb2O7PrifDdx","action":"Initial GetUpdates", "result":"", "context":Reason: NEW_CLIENT. cV=kNtsMaUzf8Yb2O7PrifDdx}
{"logTime": "1129/053710", "correlationVector":"kNtsMaUzf8Yb2O7PrifDdx.3","action":"GetUpdates Response", "result":"Success", "context":Received 1 update(s). cV=kNtsMaUzf8Yb2O7PrifDdx.0;server=akswtt10800000i;cloudType=Consumer;environment=Prod_eastus2_prod-s01-050-nam-eastus2;migrationStage=NotStarted}
{"logTime": "1129/053710", "correlationVector":"PCVcLePlmEZE24oR7RD4cJ","action":"Initial GetUpdates", "result":"", "context":Reason: NEWLY_SUPPORTED_DATATYPE. cV=PCVcLePlmEZE24oR7RD4cJ}
{"logTime": "1129/053710", "correlationVector":"PCVcLePlmEZE24oR7RD4cJ.1","action":"SyncServerConnectionManagerRequest", "result":"SYNC_SERVER_OK", "context":{"environment":"Prod_eastus2_prod-s01-050-nam-eastus2", "migrationStage":"NotStarted", "server":"akswtt108000017"}}
{"logTime": "1129/053710", "correlationVector":"PCVcLePlmEZE24oR7RD4cJ.2","action":"ProcessGetUpdates", "result":"Done", "context":{"dataType":"Passwords", "deleted":"0", "process_failed_to_decrypt":"0", "process_pending_decryption":"0", "process_success":"4", "total":"4"}}
{"logTime": "1129/053710", "correlationVector":"PCVcLePlmEZE24oR7RD4cJ.3","action":"GetUpdates Response", "result":"Success", "context":Received 4 update(s). cV=PCVcLePlmEZE24oR7RD4cJ.0;server=akswtt108000017;cloudType=Consumer;environment=Prod_eastus2_prod-s01-050-nam-eastus2;migrationStage=NotStarted}
{"logTime": "1129/053710", "correlationVector":"jRheNR1vN1ZyvwrDtvUdBf","action":"Normal GetUpdate request", "result":"", "context":cV=jRheNR1vN1ZyvwrDtvUdBf
Nudged types: History
Refresh requested types: Bookmarks, Passwords, Autofill Profiles, Autofill, History, Edge Wallet, Encryption Keys}
{"logTime": "1129/053710", "correlationVector":"jRheNR1vN1ZyvwrDtvUdBf.1","action":"SyncServerConnectionManagerRequest", "result":"SYNC_SERVER_OK", "context":{"environment":"Prod_eastus2_prod-s01-050-nam-eastus2", "migrationStage":"NotStarted", "server":"akswtt10800000p"}}
{"logTime": "1129/053710", "correlationVector":"jRheNR1vN1ZyvwrDtvUdBf.2","action":"ProcessGetUpdates", "result":"Done", "context":{"dataType":"History", "deleted":"0", "process_failed_to_decrypt":"0", "process_pending_decryption":"0", "process_success":"10", "total":"10"}}
{"logTime": "1129/053710", "correlationVector":"jRheNR1vN1ZyvwrDtvUdBf.3","action":"GetUpdates Response", "result":"Success", "context":Received 10 update(s). cV=jRheNR1vN1ZyvwrDtvUdBf.0;server=akswtt10800000p;cloudType=Consumer;environment=Prod_eastus2_prod-s01-050-nam-eastus2;migrationStage=NotStarted}
{"logTime": "1129/053816", "correlationVector":"2/hE6iFrgL5SCOaGoS6Lc7","action":"Commit Request", "result":"", "context":Item count: 4
Contributing types: History}
{"logTime": "1129/053816", "correlationVector":"2/hE6iFrgL5SCOaGoS6Lc7.1","action":"SyncServerConnectionManagerRequest", "result":"SYNC_SERVER_OK", "context":{"environment":"Prod_eastus2_prod-s01-050-nam-eastus2", "migrationStage":"NotStarted", "server":"akswtt10800000k"}}
{"logTime": "1129/053816", "correlationVector":"2/hE6iFrgL5SCOaGoS6Lc7.2","action":"Commit Response", "result":"Success", "context":Result: Success. cV=2/hE6iFrgL5SCOaGoS6Lc7.0;server=akswtt10800000k;cloudType=Consumer;environment=Prod_eastus2_prod-s01-050-nam-eastus2;migrationStage=NotStarted}
{"logTime": "1129/054238", "correlationVector":"ZG36nUgkqu8TRigEBw86FA.1","action":"SyncServerConnectionManagerRequest", "result":"SYNC_SERVER_OK", "context":{"environment":"Prod_eastus2_prod-s01-050-nam-eastus2", "migrationStage":"NotStarted", "server":"akswtt108000010"}}
{"logTime": "1129/054238", "correlationVector":"ZG36nUgkqu8TRigEBw86FA.2","action":"ProcessGetUpdates", "result":"Done", "context":{"dataType":"Encryption Keys", "deleted":"0", "process_failed_to_decrypt":"0", "process_pending_decryption":"0", "process_success":"1", "total":"1"}}
{"logTime": "1129/054239", "correlationVector":"28QFiuQa1VjqXsUpKRePRi","action":"SyncServerConnectionManagerRequest", "result":"SYNC_SERVER_OK", "context":{"environment":"", "migrationStage":"", "server":""}}
{"logTime": "1129/054239", "correlationVector":"28QFiuQa1VjqXsUpKRePRi.0","action":"EncryptionKeysFetcher.DownloadKeys:", "result":"Success", "context":Key count: 6, Last key timestamp: 2025-11-29T01:43:22Z}
{"logTime": "1129/054239", "correlationVector":"28QFiuQa1VjqXsUpKRePRi.1","action":"EncryptionKeysManager::SetEncryptionKeys:", "result":"Success", "context":Key names[6]:[H/Pn8m58STdIlc3Cy7mXdBqtrCPgmRSCf25oLigpOHp2sV8nxXLR+c2FMz4mkBIvsy/e3oFlqc52oxRtHRWFfQ==][1TFBZ3SVlU/hQt2pEtjKb4KkyQnDRfpQDq3PT5sqQT7/DJ4J7Glcbqi/vJBjZe0FShGq8ODulM50xk+PAcXr5Q==][+Z0wXvybCS0wgAvOYjvu+voQpRbq+bqT0dEyngY3CgzZjCjNoWjYQL1LPN5I/kSOdurn3ajXZzH8/yhRVI84nQ==][8O86mGrFYCYqQ32NEbZCJqCRKDeqYBuoy0PRWECPkqNaDbObXLSUDhE8ocJSfcKCB93nuv0XEOLDCEx9YYSGOQ==][t9/s0D0V2koCDThsmDc8oos4+QgZbhmJbb1cfmt1FX4pIQSuiS8smyKqIe+jpoZiY8KEgfvKbcYn9pR+GUTWZw==][EDh67CgnW+Lj2sIe4iyYB+XcMPag/AS7Kag8D5XIIeq48R0kTSHSsSl3MLlFul8G3Kg1JOlZaxWwgaezKZyRhA==]}
{"logTime": "1129/054239", "correlationVector":"28QFiuQa1VjqXsUpKRePRi.2","action":"EncryptionKeysManager::SetEncryptionKeysWithTimestamps:", "result":"Success", "context":Key timestamps[6]:[2023-07-29T23:01:24Z][2024-01-26T01:31:53Z][2024-12-17T01:24:07Z][2024-12-28T14:08:24Z][2025-06-29T20:42:50Z][2025-11-29T01:43:22Z]}
{"logTime": "1129/054239", "correlationVector":"ZG36nUgkqu8TRigEBw86FA","action":"Initial GetUpdates", "result":"", "context":Reason: NEW_CLIENT. cV=ZG36nUgkqu8TRigEBw86FA}
{"logTime": "1129/054239", "correlationVector":"ZG36nUgkqu8TRigEBw86FA.3","action":"GetUpdates Response", "result":"Success", "context":Received 1 update(s). cV=ZG36nUgkqu8TRigEBw86FA.0;server=akswtt108000010;cloudType=Consumer;environment=Prod_eastus2_prod-s01-050-nam-eastus2;migrationStage=NotStarted}
{"logTime": "1129/054239", "correlationVector":"mO6lPh0uTZqqOk65RtiqlE","action":"Initial GetUpdates", "result":"", "context":Reason: NEWLY_SUPPORTED_DATATYPE. cV=mO6lPh0uTZqqOk65RtiqlE}
{"logTime": "1129/054239", "correlationVector":"mO6lPh0uTZqqOk65RtiqlE.1","action":"SyncServerConnectionManagerRequest", "result":"SYNC_SERVER_OK", "context":{"environment":"Prod_eastus2_prod-s01-050-nam-eastus2", "migrationStage":"NotStarted", "server":"akswtt10800000w"}}
{"logTime": "1129/054239", "correlationVector":"mO6lPh0uTZqqOk65RtiqlE.2","action":"ProcessGetUpdates", "result":"Done", "context":{"dataType":"Passwords", "deleted":"0", "process_failed_to_decrypt":"0", "process_pending_decryption":"0", "process_success":"4", "total":"4"}}
{"logTime": "1129/054239", "correlationVector":"mO6lPh0uTZqqOk65RtiqlE.3","action":"GetUpdates Response", "result":"Success", "context":Received 4 update(s). cV=mO6lPh0uTZqqOk65RtiqlE.0;server=akswtt10800000w;cloudType=Consumer;environment=Prod_eastus2_prod-s01-050-nam-eastus2;migrationStage=NotStarted}
{"logTime": "1129/054239", "correlationVector":"+anXfwe3EaFHvrjkHmaKs5","action":"Normal GetUpdate request", "result":"", "context":cV=+anXfwe3EaFHvrjkHmaKs5
Nudged types: History
Refresh requested types: Bookmarks, Passwords, Autofill Profiles, Autofill, History, Edge Wallet, Encryption Keys}
{"logTime": "1129/054239", "correlationVector":"+anXfwe3EaFHvrjkHmaKs5.1","action":"SyncServerConnectionManagerRequest", "result":"SYNC_SERVER_OK", "context":{"environment":"Prod_eastus2_prod-s01-050-nam-eastus2", "migrationStage":"NotStarted", "server":"akswtt10800000e"}}
{"logTime": "1129/054239", "correlationVector":"+anXfwe3EaFHvrjkHmaKs5.2","action":"ProcessGetUpdates", "result":"Done", "context":{"dataType":"History", "deleted":"0", "process_failed_to_decrypt":"0", "process_pending_decryption":"0", "process_success":"12", "total":"12"}}
{"logTime": "1129/054239", "correlationVector":"+anXfwe3EaFHvrjkHmaKs5.3","action":"GetUpdates Response", "result":"Success", "context":Received 12 update(s). cV=+anXfwe3EaFHvrjkHmaKs5.0;server=akswtt10800000e;cloudType=Consumer;environment=Prod_eastus2_prod-s01-050-nam-eastus2;migrationStage=NotStarted}
{"logTime": "1129/054345", "correlationVector":"lWkBqGkk/vo9M6Ny67LJQ0","action":"Commit Request", "result":"", "context":Item count: 27
Contributing types: History}
{"logTime": "1129/054348", "correlationVector":"lWkBqGkk/vo9M6Ny67LJQ0.1","action":"SyncServerConnectionManagerRequest", "result":"SYNC_SERVER_OK", "context":{"environment":"Prod_eastus2_prod-s01-050-nam-eastus2", "migrationStage":"NotStarted", "server":"akswtt108000005"}}
{"logTime": "1129/054348", "correlationVector":"lWkBqGkk/vo9M6Ny67LJQ0.2","action":"Commit Response", "result":"Success", "context":Result: Success. cV=lWkBqGkk/vo9M6Ny67LJQ0.0;server=akswtt108000005;cloudType=Consumer;environment=Prod_eastus2_prod-s01-050-nam-eastus2;migrationStage=NotStarted}
{"logTime": "1129/055508", "correlationVector":"ue4cohmsVoRHRC0tRopDyf.1","action":"SyncServerConnectionManagerRequest", "result":"SYNC_SERVER_OK", "context":{"environment":"Prod_eastus2_prod-s01-050-nam-eastus2", "migrationStage":"NotStarted", "server":"akswtt10800000c"}}
{"logTime": "1129/055508", "correlationVector":"ue4cohmsVoRHRC0tRopDyf.2","action":"ProcessGetUpdates", "result":"Done", "context":{"dataType":"Encryption Keys", "deleted":"0", "process_failed_to_decrypt":"0", "process_pending_decryption":"0", "process_success":"1", "total":"1"}}
{"logTime": "1129/055508", "correlationVector":"5+ZZAex6wAP8qrYh8f0J2K","action":"SyncServerConnectionManagerRequest", "result":"SYNC_SERVER_OK", "context":{"environment":"", "migrationStage":"", "server":""}}
{"logTime": "1129/055508", "correlationVector":"5+ZZAex6wAP8qrYh8f0J2K.0","action":"EncryptionKeysFetcher.DownloadKeys:", "result":"Success", "context":Key count: 6, Last key timestamp: 2025-11-29T01:43:22Z}
{"logTime": "1129/055508", "correlationVector":"5+ZZAex6wAP8qrYh8f0J2K.1","action":"EncryptionKeysManager::SetEncryptionKeys:", "result":"Success", "context":Key names[6]:[H/Pn8m58STdIlc3Cy7mXdBqtrCPgmRSCf25oLigpOHp2sV8nxXLR+c2FMz4mkBIvsy/e3oFlqc52oxRtHRWFfQ==][1TFBZ3SVlU/hQt2pEtjKb4KkyQnDRfpQDq3PT5sqQT7/DJ4J7Glcbqi/vJBjZe0FShGq8ODulM50xk+PAcXr5Q==][+Z0wXvybCS0wgAvOYjvu+voQpRbq+bqT0dEyngY3CgzZjCjNoWjYQL1LPN5I/kSOdurn3ajXZzH8/yhRVI84nQ==][8O86mGrFYCYqQ32NEbZCJqCRKDeqYBuoy0PRWECPkqNaDbObXLSUDhE8ocJSfcKCB93nuv0XEOLDCEx9YYSGOQ==][t9/s0D0V2koCDThsmDc8oos4+QgZbhmJbb1cfmt1FX4pIQSuiS8smyKqIe+jpoZiY8KEgfvKbcYn9pR+GUTWZw==][EDh67CgnW+Lj2sIe4iyYB+XcMPag/AS7Kag8D5XIIeq48R0kTSHSsSl3MLlFul8G3Kg1JOlZaxWwgaezKZyRhA==]}
{"logTime": "1129/055508", "correlationVector":"5+ZZAex6wAP8qrYh8f0J2K.2","action":"EncryptionKeysManager::SetEncryptionKeysWithTimestamps:", "result":"Success", "context":Key timestamps[6]:[2023-07-29T23:01:24Z][2024-01-26T01:31:53Z][2024-12-17T01:24:07Z][2024-12-28T14:08:24Z][2025-06-29T20:42:50Z][2025-11-29T01:43:22Z]}
{"logTime": "1129/055508", "correlationVector":"ue4cohmsVoRHRC0tRopDyf","action":"Initial GetUpdates", "result":"", "context":Reason: NEW_CLIENT. cV=ue4cohmsVoRHRC0tRopDyf}
{"logTime": "1129/055508", "correlationVector":"ue4cohmsVoRHRC0tRopDyf.3","action":"GetUpdates Response", "result":"Success", "context":Received 1 update(s). cV=ue4cohmsVoRHRC0tRopDyf.0;server=akswtt10800000c;cloudType=Consumer;environment=Prod_eastus2_prod-s01-050-nam-eastus2;migrationStage=NotStarted}
{"logTime": "1129/055508", "correlationVector":"S4328v9mVl3JY8mlPjOs89","action":"Initial GetUpdates", "result":"", "context":Reason: NEWLY_SUPPORTED_DATATYPE. cV=S4328v9mVl3JY8mlPjOs89}
{"logTime": "1129/055509", "correlationVector":"S4328v9mVl3JY8mlPjOs89.1","action":"SyncServerConnectionManagerRequest", "result":"SYNC_SERVER_OK", "context":{"environment":"Prod_eastus2_prod-s01-050-nam-eastus2", "migrationStage":"NotStarted", "server":"akswtt108000001"}}
{"logTime": "1129/055509", "correlationVector":"S4328v9mVl3JY8mlPjOs89.2","action":"ProcessGetUpdates", "result":"Done", "context":{"dataType":"Passwords", "deleted":"0", "process_failed_to_decrypt":"0", "process_pending_decryption":"0", "process_success":"4", "total":"4"}}
{"logTime": "1129/055509", "correlationVector":"S4328v9mVl3JY8mlPjOs89.3","action":"GetUpdates Response", "result":"Success", "context":Received 4 update(s). cV=S4328v9mVl3JY8mlPjOs89.0;server=akswtt108000001;cloudType=Consumer;environment=Prod_eastus2_prod-s01-050-nam-eastus2;migrationStage=NotStarted}
{"logTime": "1129/055509", "correlationVector":"Cs8B/0v8oC/U0s5x5BhxEF","action":"Normal GetUpdate request", "result":"", "context":cV=Cs8B/0v8oC/U0s5x5BhxEF
Nudged types: History
Refresh requested types: Bookmarks, Passwords, Autofill Profiles, Autofill, History, Edge Wallet, Encryption Keys}
{"logTime": "1129/055509", "correlationVector":"Cs8B/0v8oC/U0s5x5BhxEF.1","action":"SyncServerConnectionManagerRequest", "result":"SYNC_SERVER_OK", "context":{"environment":"Prod_eastus2_prod-s01-050-nam-eastus2", "migrationStage":"NotStarted", "server":"akswtt10800000c"}}
{"logTime": "1129/055509", "correlationVector":"Cs8B/0v8oC/U0s5x5BhxEF.2","action":"ProcessGetUpdates", "result":"Done", "context":{"dataType":"History", "deleted":"0", "process_failed_to_decrypt":"0", "process_pending_decryption":"0", "process_success":"27", "total":"27"}}
{"logTime": "1129/055509", "correlationVector":"Cs8B/0v8oC/U0s5x5BhxEF.3","action":"GetUpdates Response", "result":"Success", "context":Received 27 update(s). cV=Cs8B/0v8oC/U0s5x5BhxEF.0;server=akswtt10800000c;cloudType=Consumer;environment=Prod_eastus2_prod-s01-050-nam-eastus2;migrationStage=NotStarted}
{"logTime": "1129/055509", "correlationVector":"GNW3WURW8bUV0bkOtuC92n","action":"Commit Request", "result":"", "context":Item count: 1
Contributing types: History}
{"logTime": "1129/055509", "correlationVector":"GNW3WURW8bUV0bkOtuC92n.1","action":"SyncServerConnectionManagerRequest", "result":"SYNC_SERVER_OK", "context":{"environment":"Prod_eastus2_prod-s01-050-nam-eastus2", "migrationStage":"NotStarted", "server":"akswtt10800001b"}}
{"logTime": "1129/055509", "correlationVector":"GNW3WURW8bUV0bkOtuC92n.2","action":"Commit Response", "result":"Success", "context":Result: Success. cV=GNW3WURW8bUV0bkOtuC92n.0;server=akswtt10800001b;cloudType=Consumer;environment=Prod_eastus2_prod-s01-050-nam-eastus2;migrationStage=NotStarted}
{"logTime": "1129/055609", "correlationVector":"csPtR4kPWaVAuGYfrPRimP","action":"Commit Request", "result":"", "context":Item count: 12
Contributing types: History}
{"logTime": "1129/055610", "correlationVector":"csPtR4kPWaVAuGYfrPRimP.1","action":"SyncServerConnectionManagerRequest", "result":"SYNC_SERVER_OK", "context":{"environment":"Prod_eastus2_prod-s01-050-nam-eastus2", "migrationStage":"NotStarted", "server":"akswtt108000005"}}
{"logTime": "1129/055610", "correlationVector":"csPtR4kPWaVAuGYfrPRimP.2","action":"Commit Response", "result":"Success", "context":Result: Success. cV=csPtR4kPWaVAuGYfrPRimP.0;server=akswtt108000005;cloudType=Consumer;environment=Prod_eastus2_prod-s01-050-nam-eastus2;migrationStage=NotStarted}
{"logTime": "1129/055714", "correlationVector":"lZBuOiCI0K2J5RdgMwbqQ/","action":"Commit Request", "result":"", "context":Item count: 9
Contributing types: History}
{"logTime": "1129/055716", "correlationVector":"lZBuOiCI0K2J5RdgMwbqQ/.1","action":"SyncServerConnectionManagerRequest", "result":"SYNC_SERVER_OK", "context":{"environment":"Prod_eastus2_prod-s01-050-nam-eastus2", "migrationStage":"NotStarted", "server":"akswtt108000015"}}
{"logTime": "1129/055716", "correlationVector":"lZBuOiCI0K2J5RdgMwbqQ/.2","action":"Commit Response", "result":"Success", "context":Result: Success. cV=lZBuOiCI0K2J5RdgMwbqQ/.0;server=akswtt108000015;cloudType=Consumer;environment=Prod_eastus2_prod-s01-050-nam-eastus2;migrationStage=NotStarted}
{"logTime": "1129/062618", "correlationVector":"g7LYVVj4SthDpAOPuMQ27j.1","action":"SyncServerConnectionManagerRequest", "result":"SYNC_SERVER_OK", "context":{"environment":"Prod_eastus2_prod-s01-050-nam-eastus2", "migrationStage":"NotStarted", "server":"akswtt108000002"}}
{"logTime": "1129/062618", "correlationVector":"g7LYVVj4SthDpAOPuMQ27j.2","action":"ProcessGetUpdates", "result":"Done", "context":{"dataType":"Encryption Keys", "deleted":"0", "process_failed_to_decrypt":"0", "process_pending_decryption":"0", "process_success":"1", "total":"1"}}
{"logTime": "1129/062619", "correlationVector":"xXLfCAdYPFX8zRyw/8sPRY","action":"SyncServerConnectionManagerRequest", "result":"SYNC_SERVER_OK", "context":{"environment":"", "migrationStage":"", "server":""}}
{"logTime": "1129/062619", "correlationVector":"xXLfCAdYPFX8zRyw/8sPRY.0","action":"EncryptionKeysFetcher.DownloadKeys:", "result":"Success", "context":Key count: 6, Last key timestamp: 2025-11-29T01:43:22Z}
{"logTime": "1129/062620", "correlationVector":"xXLfCAdYPFX8zRyw/8sPRY.1","action":"EncryptionKeysManager::SetEncryptionKeys:", "result":"Success", "context":Key names[6]:[H/Pn8m58STdIlc3Cy7mXdBqtrCPgmRSCf25oLigpOHp2sV8nxXLR+c2FMz4mkBIvsy/e3oFlqc52oxRtHRWFfQ==][1TFBZ3SVlU/hQt2pEtjKb4KkyQnDRfpQDq3PT5sqQT7/DJ4J7Glcbqi/vJBjZe0FShGq8ODulM50xk+PAcXr5Q==][+Z0wXvybCS0wgAvOYjvu+voQpRbq+bqT0dEyngY3CgzZjCjNoWjYQL1LPN5I/kSOdurn3ajXZzH8/yhRVI84nQ==][8O86mGrFYCYqQ32NEbZCJqCRKDeqYBuoy0PRWECPkqNaDbObXLSUDhE8ocJSfcKCB93nuv0XEOLDCEx9YYSGOQ==][t9/s0D0V2koCDThsmDc8oos4+QgZbhmJbb1cfmt1FX4pIQSuiS8smyKqIe+jpoZiY8KEgfvKbcYn9pR+GUTWZw==][EDh67CgnW+Lj2sIe4iyYB+XcMPag/AS7Kag8D5XIIeq48R0kTSHSsSl3MLlFul8G3Kg1JOlZaxWwgaezKZyRhA==]}
{"logTime": "1129/062620", "correlationVector":"xXLfCAdYPFX8zRyw/8sPRY.2","action":"EncryptionKeysManager::SetEncryptionKeysWithTimestamps:", "result":"Success", "context":Key timestamps[6]:[2023-07-29T23:01:24Z][2024-01-26T01:31:53Z][2024-12-17T01:24:07Z][2024-12-28T14:08:24Z][2025-06-29T20:42:50Z][2025-11-29T01:43:22Z]}
{"logTime": "1129/062620", "correlationVector":"g7LYVVj4SthDpAOPuMQ27j","action":"Initial GetUpdates", "result":"", "context":Reason: NEW_CLIENT. cV=g7LYVVj4SthDpAOPuMQ27j}
{"logTime": "1129/062620", "correlationVector":"g7LYVVj4SthDpAOPuMQ27j.3","action":"GetUpdates Response", "result":"Success", "context":Received 1 update(s). cV=g7LYVVj4SthDpAOPuMQ27j.0;server=akswtt108000002;cloudType=Consumer;environment=Prod_eastus2_prod-s01-050-nam-eastus2;migrationStage=NotStarted}
{"logTime": "1129/062620", "correlationVector":"LHroyDj5hCp+m8Gjcajbe4","action":"Initial GetUpdates", "result":"", "context":Reason: NEWLY_SUPPORTED_DATATYPE. cV=LHroyDj5hCp+m8Gjcajbe4}
{"logTime": "1129/062620", "correlationVector":"LHroyDj5hCp+m8Gjcajbe4.1","action":"SyncServerConnectionManagerRequest", "result":"SYNC_SERVER_OK", "context":{"environment":"Prod_eastus2_prod-s01-050-nam-eastus2", "migrationStage":"NotStarted", "server":"akswtt10800001a"}}
{"logTime": "1129/062620", "correlationVector":"LHroyDj5hCp+m8Gjcajbe4.2","action":"ProcessGetUpdates", "result":"Done", "context":{"dataType":"Passwords", "deleted":"0", "process_failed_to_decrypt":"0", "process_pending_decryption":"0", "process_success":"4", "total":"4"}}
{"logTime": "1129/062620", "correlationVector":"LHroyDj5hCp+m8Gjcajbe4.3","action":"GetUpdates Response", "result":"Success", "context":Received 4 update(s). cV=LHroyDj5hCp+m8Gjcajbe4.0;server=akswtt10800001a;cloudType=Consumer;environment=Prod_eastus2_prod-s01-050-nam-eastus2;migrationStage=NotStarted}
{"logTime": "1129/062620", "correlationVector":"LDhWEguJME8xIq/10hngER","action":"Normal GetUpdate request", "result":"", "context":cV=LDhWEguJME8xIq/10hngER
Nudged types: History
Refresh requested types: Bookmarks, Passwords, Autofill Profiles, Autofill, History, Edge Wallet, Encryption Keys}
{"logTime": "1129/062620", "correlationVector":"LDhWEguJME8xIq/10hngER.1","action":"SyncServerConnectionManagerRequest", "result":"SYNC_SERVER_OK", "context":{"environment":"Prod_eastus2_prod-s01-050-nam-eastus2", "migrationStage":"NotStarted", "server":"akswtt108000017"}}
{"logTime": "1129/062620", "correlationVector":"LDhWEguJME8xIq/10hngER.2","action":"ProcessGetUpdates", "result":"Done", "context":{"dataType":"History", "deleted":"0", "process_failed_to_decrypt":"0", "process_pending_decryption":"0", "process_success":"21", "total":"21"}}
{"logTime": "1129/062620", "correlationVector":"LDhWEguJME8xIq/10hngER.3","action":"GetUpdates Response", "result":"Success", "context":Received 21 update(s). cV=LDhWEguJME8xIq/10hngER.0;server=akswtt108000017;cloudType=Consumer;environment=Prod_eastus2_prod-s01-050-nam-eastus2;migrationStage=NotStarted}
{"logTime": "1129/062620", "correlationVector":"GhVKnp/hBewVsdZaynlwno","action":"Commit Request", "result":"", "context":Item count: 3
Contributing types: History}
{"logTime": "1129/062621", "correlationVector":"GhVKnp/hBewVsdZaynlwno.1","action":"SyncServerConnectionManagerRequest", "result":"SYNC_SERVER_OK", "context":{"environment":"Prod_eastus2_prod-s01-050-nam-eastus2", "migrationStage":"NotStarted", "server":"akswtt108000000"}}
{"logTime": "1129/062621", "correlationVector":"GhVKnp/hBewVsdZaynlwno.2","action":"Commit Response", "result":"Success", "context":Result: Success. cV=GhVKnp/hBewVsdZaynlwno.0;server=akswtt108000000;cloudType=Consumer;environment=Prod_eastus2_prod-s01-050-nam-eastus2;migrationStage=NotStarted}
{"logTime": "1129/062721", "correlationVector":"M4uSzoyDjTU1bDmT1bIEhx","action":"Commit Request", "result":"", "context":Item count: 8
Contributing types: History}
{"logTime": "1129/062721", "correlationVector":"M4uSzoyDjTU1bDmT1bIEhx.1","action":"SyncServerConnectionManagerRequest", "result":"SYNC_SERVER_OK", "context":{"environment":"Prod_eastus2_prod-s01-050-nam-eastus2", "migrationStage":"NotStarted", "server":"akswtt108000014"}}
{"logTime": "1129/062721", "correlationVector":"M4uSzoyDjTU1bDmT1bIEhx.2","action":"Commit Response", "result":"Success", "context":Result: Success. cV=M4uSzoyDjTU1bDmT1bIEhx.0;server=akswtt108000014;cloudType=Consumer;environment=Prod_eastus2_prod-s01-050-nam-eastus2;migrationStage=NotStarted}
{"logTime": "1129/062927", "correlationVector":"6/c8n1zTLu62D9CAe98HAo.1","action":"SyncServerConnectionManagerRequest", "result":"SYNC_SERVER_OK", "context":{"environment":"Prod_eastus2_prod-s01-050-nam-eastus2", "migrationStage":"NotStarted", "server":"akswtt10800000f"}}
{"logTime": "1129/062927", "correlationVector":"6/c8n1zTLu62D9CAe98HAo.2","action":"ProcessGetUpdates", "result":"Done", "context":{"dataType":"Encryption Keys", "deleted":"0", "process_failed_to_decrypt":"0", "process_pending_decryption":"0", "process_success":"1", "total":"1"}}
{"logTime": "1129/062928", "correlationVector":"vAGKOww1TU5XhtNmnJpFis","action":"SyncServerConnectionManagerRequest", "result":"SYNC_SERVER_OK", "context":{"environment":"", "migrationStage":"", "server":""}}
{"logTime": "1129/062928", "correlationVector":"vAGKOww1TU5XhtNmnJpFis.0","action":"EncryptionKeysFetcher.DownloadKeys:", "result":"Success", "context":Key count: 6, Last key timestamp: 2025-11-29T01:43:22Z}
{"logTime": "1129/062928", "correlationVector":"vAGKOww1TU5XhtNmnJpFis.1","action":"EncryptionKeysManager::SetEncryptionKeys:", "result":"Success", "context":Key names[6]:[H/Pn8m58STdIlc3Cy7mXdBqtrCPgmRSCf25oLigpOHp2sV8nxXLR+c2FMz4mkBIvsy/e3oFlqc52oxRtHRWFfQ==][1TFBZ3SVlU/hQt2pEtjKb4KkyQnDRfpQDq3PT5sqQT7/DJ4J7Glcbqi/vJBjZe0FShGq8ODulM50xk+PAcXr5Q==][+Z0wXvybCS0wgAvOYjvu+voQpRbq+bqT0dEyngY3CgzZjCjNoWjYQL1LPN5I/kSOdurn3ajXZzH8/yhRVI84nQ==][8O86mGrFYCYqQ32NEbZCJqCRKDeqYBuoy0PRWECPkqNaDbObXLSUDhE8ocJSfcKCB93nuv0XEOLDCEx9YYSGOQ==][t9/s0D0V2koCDThsmDc8oos4+QgZbhmJbb1cfmt1FX4pIQSuiS8smyKqIe+jpoZiY8KEgfvKbcYn9pR+GUTWZw==][EDh67CgnW+Lj2sIe4iyYB+XcMPag/AS7Kag8D5XIIeq48R0kTSHSsSl3MLlFul8G3Kg1JOlZaxWwgaezKZyRhA==]}
{"logTime": "1129/062928", "correlationVector":"vAGKOww1TU5XhtNmnJpFis.2","action":"EncryptionKeysManager::SetEncryptionKeysWithTimestamps:", "result":"Success", "context":Key timestamps[6]:[2023-07-29T23:01:24Z][2024-01-26T01:31:53Z][2024-12-17T01:24:07Z][2024-12-28T14:08:24Z][2025-06-29T20:42:50Z][2025-11-29T01:43:22Z]}
{"logTime": "1129/062928", "correlationVector":"6/c8n1zTLu62D9CAe98HAo","action":"Initial GetUpdates", "result":"", "context":Reason: NEW_CLIENT. cV=6/c8n1zTLu62D9CAe98HAo}
{"logTime": "1129/062928", "correlationVector":"6/c8n1zTLu62D9CAe98HAo.3","action":"GetUpdates Response", "result":"Success", "context":Received 1 update(s). cV=6/c8n1zTLu62D9CAe98HAo.0;server=akswtt10800000f;cloudType=Consumer;environment=Prod_eastus2_prod-s01-050-nam-eastus2;migrationStage=NotStarted}
{"logTime": "1129/062928", "correlationVector":"MBSMFUIAWIbRCtujd+I8Cs","action":"Initial GetUpdates", "result":"", "context":Reason: NEWLY_SUPPORTED_DATATYPE. cV=MBSMFUIAWIbRCtujd+I8Cs}
{"logTime": "1129/062928", "correlationVector":"MBSMFUIAWIbRCtujd+I8Cs.1","action":"SyncServerConnectionManagerRequest", "result":"SYNC_SERVER_OK", "context":{"environment":"Prod_eastus2_prod-s01-050-nam-eastus2", "migrationStage":"NotStarted", "server":"akswtt108000008"}}
{"logTime": "1129/062928", "correlationVector":"MBSMFUIAWIbRCtujd+I8Cs.2","action":"ProcessGetUpdates", "result":"Done", "context":{"dataType":"Passwords", "deleted":"0", "process_failed_to_decrypt":"0", "process_pending_decryption":"0", "process_success":"4", "total":"4"}}
{"logTime": "1129/062928", "correlationVector":"MBSMFUIAWIbRCtujd+I8Cs.3","action":"GetUpdates Response", "result":"Success", "context":Received 4 update(s). cV=MBSMFUIAWIbRCtujd+I8Cs.0;server=akswtt108000008;cloudType=Consumer;environment=Prod_eastus2_prod-s01-050-nam-eastus2;migrationStage=NotStarted}
{"logTime": "1129/062928", "correlationVector":"LYY/EtSz79Rb3O7cTW21Tw","action":"Normal GetUpdate request", "result":"", "context":cV=LYY/EtSz79Rb3O7cTW21Tw
Nudged types: History
Refresh requested types: Bookmarks, Passwords, Autofill Profiles, Autofill, History, Edge Wallet, Encryption Keys}
{"logTime": "1129/062928", "correlationVector":"LYY/EtSz79Rb3O7cTW21Tw.1","action":"SyncServerConnectionManagerRequest", "result":"SYNC_SERVER_OK", "context":{"environment":"Prod_eastus2_prod-s01-050-nam-eastus2", "migrationStage":"NotStarted", "server":"akswtt10800001d"}}
{"logTime": "1129/062928", "correlationVector":"LYY/EtSz79Rb3O7cTW21Tw.2","action":"ProcessGetUpdates", "result":"Done", "context":{"dataType":"History", "deleted":"0", "process_failed_to_decrypt":"0", "process_pending_decryption":"0", "process_success":"11", "total":"11"}}
{"logTime": "1129/062928", "correlationVector":"LYY/EtSz79Rb3O7cTW21Tw.3","action":"GetUpdates Response", "result":"Success", "context":Received 11 update(s). cV=LYY/EtSz79Rb3O7cTW21Tw.0;server=akswtt10800001d;cloudType=Consumer;environment=Prod_eastus2_prod-s01-050-nam-eastus2;migrationStage=NotStarted}
{"logTime": "1129/062928", "correlationVector":"EQyxawbLM1sNbKtA3Ss1fe","action":"Commit Request", "result":"", "context":Item count: 2
Contributing types: History}
{"logTime": "1129/062928", "correlationVector":"EQyxawbLM1sNbKtA3Ss1fe.1","action":"SyncServerConnectionManagerRequest", "result":"SYNC_SERVER_OK", "context":{"environment":"Prod_eastus2_prod-s01-050-nam-eastus2", "migrationStage":"NotStarted", "server":"akswtt10800000y"}}
{"logTime": "1129/062928", "correlationVector":"EQyxawbLM1sNbKtA3Ss1fe.2","action":"Commit Response", "result":"Success", "context":Result: Success. cV=EQyxawbLM1sNbKtA3Ss1fe.0;server=akswtt10800000y;cloudType=Consumer;environment=Prod_eastus2_prod-s01-050-nam-eastus2;migrationStage=NotStarted}
{"logTime": "1129/063028", "correlationVector":"XXTFGg0G0LGZ6AHQ4F/6DU","action":"Commit Request", "result":"", "context":Item count: 4
Contributing types: History}
{"logTime": "1129/063029", "correlationVector":"XXTFGg0G0LGZ6AHQ4F/6DU.1","action":"SyncServerConnectionManagerRequest", "result":"SYNC_SERVER_OK", "context":{"environment":"Prod_eastus2_prod-s01-050-nam-eastus2", "migrationStage":"NotStarted", "server":"akswtt108000007"}}
{"logTime": "1129/063029", "correlationVector":"XXTFGg0G0LGZ6AHQ4F/6DU.2","action":"Commit Response", "result":"Success", "context":Result: Success. cV=XXTFGg0G0LGZ6AHQ4F/6DU.0;server=akswtt108000007;cloudType=Consumer;environment=Prod_eastus2_prod-s01-050-nam-eastus2;migrationStage=NotStarted}
